Archive member included to satisfy reference by file (symbol)

/Applications/MCUXpressoIDE_11.0.1_2563/ide/plugins/com.nxp.mcuxpresso.tools.macosx_11.0.1.201907311258/tools/bin/../lib/gcc/arm-none-eabi/8.2.1/../../../../arm-none-eabi/lib/thumb/v6-m/nofp/libcr_semihost_nf.a(_cr__main.o)
                              ./startup/startup_mkl25z4.o (__main)
/Applications/MCUXpressoIDE_11.0.1_2563/ide/plugins/com.nxp.mcuxpresso.tools.macosx_11.0.1.201907311258/tools/bin/../lib/gcc/arm-none-eabi/8.2.1/../../../../arm-none-eabi/lib/thumb/v6-m/nofp/libcr_semihost_nf.a(_cr_assert.o)
                              ./drivers/fsl_clock.o (__assertion_failed)
/Applications/MCUXpressoIDE_11.0.1_2563/ide/plugins/com.nxp.mcuxpresso.tools.macosx_11.0.1.201907311258/tools/bin/../lib/gcc/arm-none-eabi/8.2.1/../../../../arm-none-eabi/lib/thumb/v6-m/nofp/libcr_semihost_nf.a(__ciob.o)
                              /Applications/MCUXpressoIDE_11.0.1_2563/ide/plugins/com.nxp.mcuxpresso.tools.macosx_11.0.1.201907311258/tools/bin/../lib/gcc/arm-none-eabi/8.2.1/../../../../arm-none-eabi/lib/thumb/v6-m/nofp/libcr_semihost_nf.a(_cr_assert.o) (__Ciob)
/Applications/MCUXpressoIDE_11.0.1_2563/ide/plugins/com.nxp.mcuxpresso.tools.macosx_11.0.1.201907311258/tools/bin/../lib/gcc/arm-none-eabi/8.2.1/../../../../arm-none-eabi/lib/thumb/v6-m/nofp/libcr_semihost_nf.a(__sys_appexit.o)
                              /Applications/MCUXpressoIDE_11.0.1_2563/ide/plugins/com.nxp.mcuxpresso.tools.macosx_11.0.1.201907311258/tools/bin/../lib/gcc/arm-none-eabi/8.2.1/../../../../arm-none-eabi/lib/thumb/v6-m/nofp/libcr_semihost_nf.a(_cr_assert.o) (__sys_appexit)
/Applications/MCUXpressoIDE_11.0.1_2563/ide/plugins/com.nxp.mcuxpresso.tools.macosx_11.0.1.201907311258/tools/bin/../lib/gcc/arm-none-eabi/8.2.1/../../../../arm-none-eabi/lib/thumb/v6-m/nofp/libcr_c.a(memcpy.o)
                              ./drivers/fsl_flash.o (memcpy)
/Applications/MCUXpressoIDE_11.0.1_2563/ide/plugins/com.nxp.mcuxpresso.tools.macosx_11.0.1.201907311258/tools/bin/../lib/gcc/arm-none-eabi/8.2.1/../../../../arm-none-eabi/lib/thumb/v6-m/nofp/libcr_c.a(memset.o)
                              ./source/Project_5_UART.o (memset)
/Applications/MCUXpressoIDE_11.0.1_2563/ide/plugins/com.nxp.mcuxpresso.tools.macosx_11.0.1.201907311258/tools/bin/../lib/gcc/arm-none-eabi/8.2.1/../../../../arm-none-eabi/lib/thumb/v6-m/nofp/libcr_c.a(_deferredlazyseek.o)
                              /Applications/MCUXpressoIDE_11.0.1_2563/ide/plugins/com.nxp.mcuxpresso.tools.macosx_11.0.1.201907311258/tools/bin/../lib/gcc/arm-none-eabi/8.2.1/../../../../arm-none-eabi/lib/thumb/v6-m/nofp/libcr_semihost_nf.a(_cr_assert.o) (__flsbuf)
/Applications/MCUXpressoIDE_11.0.1_2563/ide/plugins/com.nxp.mcuxpresso.tools.macosx_11.0.1.201907311258/tools/bin/../lib/gcc/arm-none-eabi/8.2.1/../../../../arm-none-eabi/lib/thumb/v6-m/nofp/libcr_c.a(_fflush.o)
                              /Applications/MCUXpressoIDE_11.0.1_2563/ide/plugins/com.nxp.mcuxpresso.tools.macosx_11.0.1.201907311258/tools/bin/../lib/gcc/arm-none-eabi/8.2.1/../../../../arm-none-eabi/lib/thumb/v6-m/nofp/libcr_c.a(_deferredlazyseek.o) (_fflush)
/Applications/MCUXpressoIDE_11.0.1_2563/ide/plugins/com.nxp.mcuxpresso.tools.macosx_11.0.1.201907311258/tools/bin/../lib/gcc/arm-none-eabi/8.2.1/../../../../arm-none-eabi/lib/thumb/v6-m/nofp/libcr_c.a(_writebuf.o)
                              /Applications/MCUXpressoIDE_11.0.1_2563/ide/plugins/com.nxp.mcuxpresso.tools.macosx_11.0.1.201907311258/tools/bin/../lib/gcc/arm-none-eabi/8.2.1/../../../../arm-none-eabi/lib/thumb/v6-m/nofp/libcr_c.a(_deferredlazyseek.o) (_Cwritebuf)
/Applications/MCUXpressoIDE_11.0.1_2563/ide/plugins/com.nxp.mcuxpresso.tools.macosx_11.0.1.201907311258/tools/bin/../lib/gcc/arm-none-eabi/8.2.1/../../../../arm-none-eabi/lib/thumb/v6-m/nofp/libcr_c.a(alloc.o)
                              ./source/Project_5_UART.o (malloc)
/Applications/MCUXpressoIDE_11.0.1_2563/ide/plugins/com.nxp.mcuxpresso.tools.macosx_11.0.1.201907311258/tools/bin/../lib/gcc/arm-none-eabi/8.2.1/../../../../arm-none-eabi/lib/thumb/v6-m/nofp/libcr_c.a(fputs.o)
                              /Applications/MCUXpressoIDE_11.0.1_2563/ide/plugins/com.nxp.mcuxpresso.tools.macosx_11.0.1.201907311258/tools/bin/../lib/gcc/arm-none-eabi/8.2.1/../../../../arm-none-eabi/lib/thumb/v6-m/nofp/libcr_semihost_nf.a(_cr_assert.o) (fputs)
/Applications/MCUXpressoIDE_11.0.1_2563/ide/plugins/com.nxp.mcuxpresso.tools.macosx_11.0.1.201907311258/tools/bin/../lib/gcc/arm-none-eabi/8.2.1/../../../../arm-none-eabi/lib/thumb/v6-m/nofp/libcr_c.a(fseek.o)
                              /Applications/MCUXpressoIDE_11.0.1_2563/ide/plugins/com.nxp.mcuxpresso.tools.macosx_11.0.1.201907311258/tools/bin/../lib/gcc/arm-none-eabi/8.2.1/../../../../arm-none-eabi/lib/thumb/v6-m/nofp/libcr_c.a(_deferredlazyseek.o) (fseek)
[...]
Memory Configuration

Name             Origin             Length             Attributes
PROGRAM_FLASH    0x0000000000000000 0x0000000000020000 xr
SRAM             0x000000001ffff000 0x0000000000004000 xrw
*default*        0x0000000000000000 0xffffffffffffffff

Linker script and memory map

LOAD ./utilities/fsl_debug_console.o
LOAD ./startup/startup_mkl25z4.o
LOAD ./source/Project_5_UART.o
LOAD ./source/System.o
LOAD ./source/circularBuffer.o
LOAD ./source/ledControl.o
LOAD ./source/loggerFunctions.o
LOAD ./source/mtb.o
LOAD ./source/semihost_hardfault.o
LOAD ./source/uartIncludes.o
LOAD ./source/unitTest.o
LOAD ./drivers/fsl_clock.o
LOAD ./drivers/fsl_common.o
LOAD ./drivers/fsl_flash.o
LOAD ./drivers/fsl_gpio.o
LOAD ./drivers/fsl_lpsci.o
LOAD ./drivers/fsl_smc.o
LOAD ./drivers/fsl_uart.o
LOAD ./board/board.o
LOAD ./board/clock_config.o
LOAD ./board/peripherals.o
LOAD ./board/pin_mux.o
LOAD ./CMSIS/system_MKL25Z4.o
START GROUP
LOAD /Applications/MCUXpressoIDE_11.0.1_2563/ide/plugins/com.nxp.mcuxpresso.tools.macosx_11.0.1.201907311258/tools/bin/../lib/gcc/arm-none-eabi/8.2.1/../../../../arm-none-eabi/lib/thumb/v6-m/nofp/libcr_semihost_nf.a
LOAD /Applications/MCUXpressoIDE_11.0.1_2563/ide/plugins/com.nxp.mcuxpresso.tools.macosx_11.0.1.201907311258/tools/bin/../lib/gcc/arm-none-eabi/8.2.1/../../../../arm-none-eabi/lib/thumb/v6-m/nofp/libcr_c.a
LOAD /Applications/MCUXpressoIDE_11.0.1_2563/ide/plugins/com.nxp.mcuxpresso.tools.macosx_11.0.1.201907311258/tools/bin/../lib/gcc/arm-none-eabi/8.2.1/thumb/v6-m/nofp/libcr_eabihelpers.a
LOAD /Applications/MCUXpressoIDE_11.0.1_2563/ide/plugins/com.nxp.mcuxpresso.tools.macosx_11.0.1.201907311258/tools/bin/../lib/gcc/arm-none-eabi/8.2.1/thumb/v6-m/nofp/libgcc.a
END GROUP
                0x0000000000000000                __base_PROGRAM_FLASH = 0x0
                0x0000000000000000                __base_Flash = 0x0
                0x0000000000020000                __top_PROGRAM_FLASH = 0x20000
                0x0000000000020000                __top_Flash = 0x20000
                0x000000001ffff000                __base_SRAM = 0x1ffff000
                0x000000001ffff000                __base_RAM = 0x1ffff000
                0x0000000020003000                __top_SRAM = 0x20003000
                0x0000000020003000                __top_RAM = 0x20003000

.text           0x0000000000000000     0x3288
 FILL mask 0xff
                0x0000000000000000                __vectors_start__ = ABSOLUTE (.)
 *(SORT_BY_ALIGNMENT(.isr_vector))
 .isr_vector    0x0000000000000000       0xc0 ./startup/startup_mkl25z4.o
                0x0000000000000000                __Vectors
                0x0000000000000000                g_pfnVectors
                0x00000000000000c0                . = ALIGN (0x4)
                0x00000000000000c0                __section_table_start = .
                0x00000000000000c0                __data_section_table = .
                0x00000000000000c0        0x4 LONG 0x3288 LOADADDR (.data)
                0x00000000000000c4        0x4 LONG 0x1ffff080 ADDR (.data)
                0x00000000000000c8        0x4 LONG 0x8 SIZEOF (.data)
                0x00000000000000cc                __data_section_table_end = .
                0x00000000000000cc                __bss_section_table = .
                0x00000000000000cc        0x4 LONG 0x1ffff088 ADDR (.bss)
                0x00000000000000d0        0x4 LONG 0x108 SIZEOF (.bss)
                0x00000000000000d4                __bss_section_table_end = .
                0x00000000000000d4                __section_table_end = .
 *(SORT_BY_ALIGNMENT(.after_vectors*))
 .after_vectors.reset
                0x00000000000000d4       0x84 ./startup/startup_mkl25z4.o
                0x00000000000000d4                ResetISR
 .after_vectors.init_data
                0x0000000000000158       0x40 ./startup/startup_mkl25z4.o
                0x0000000000000158                data_init
 .after_vectors.init_bss
                0x0000000000000198       0x34 ./startup/startup_mkl25z4.o
                0x0000000000000198                bss_init
 .after_vectors
                0x00000000000001cc      0x1e4 ./startup/startup_mkl25z4.o
                0x00000000000001cc                NMI_Handler
                0x00000000000001d8                SVC_Handler
                0x00000000000001de                PendSV_Handler
                0x00000000000001ea                DMA0_DriverIRQHandler
                0x00000000000001ea                SPI1_DriverIRQHandler
                0x00000000000001ea                LPTMR0_DriverIRQHandler
                0x00000000000001ea                I2C0_DriverIRQHandler
                0x00000000000001ea                PORTD_DriverIRQHandler
                0x00000000000001ea                DMA2_DriverIRQHandler
                0x00000000000001ea                TPM2_DriverIRQHandler
                0x00000000000001ea                CMP0_DriverIRQHandler
                0x00000000000001ea                ADC0_DriverIRQHandler
                0x00000000000001ea                TSI0_DriverIRQHandler
                0x00000000000001ea                RTC_Seconds_DriverIRQHandler
                0x00000000000001ea                SPI0_DriverIRQHandler
                0x00000000000001ea                LLWU_DriverIRQHandler
                0x00000000000001ea                MCG_DriverIRQHandler
                0x00000000000001ea                I2C1_DriverIRQHandler
                0x00000000000001ea                DMA1_DriverIRQHandler
                0x00000000000001ea                FTFA_DriverIRQHandler
                0x00000000000001ea                IntDefaultHandler
                0x00000000000001ea                USB0_DriverIRQHandler
                0x00000000000001ea                DAC0_DriverIRQHandler
                0x00000000000001ea                PORTA_DriverIRQHandler
                0x00000000000001ea                Reserved39_DriverIRQHandler
                0x00000000000001ea                PIT_DriverIRQHandler
                0x00000000000001ea                Reserved45_DriverIRQHandler
                0x00000000000001ea                LVD_LVW_DriverIRQHandler
                0x00000000000001ea                TPM0_DriverIRQHandler
                0x00000000000001ea                RTC_DriverIRQHandler
                0x00000000000001ea                TPM1_DriverIRQHandler
                0x00000000000001ea                Reserved20_DriverIRQHandler
                0x00000000000001ea                DMA3_DriverIRQHandler
                0x00000000000001f0                DMA0_IRQHandler
                0x00000000000001fe                DMA1_IRQHandler
                0x000000000000020c                DMA2_IRQHandler
                0x000000000000021a                DMA3_IRQHandler
                0x0000000000000228                Reserved20_IRQHandler
                0x0000000000000236                FTFA_IRQHandler
                0x0000000000000244                LVD_LVW_IRQHandler
                0x0000000000000252                LLWU_IRQHandler
                0x0000000000000260                I2C0_IRQHandler
                0x000000000000026e                I2C1_IRQHandler
                0x000000000000027c                SPI0_IRQHandler
                0x000000000000028a                SPI1_IRQHandler
                0x00000000000002a6                UART1_IRQHandler
                0x00000000000002b4                UART2_IRQHandler
                0x00000000000002c2                ADC0_IRQHandler
                0x00000000000002d0                CMP0_IRQHandler
                0x00000000000002de                TPM0_IRQHandler
                0x00000000000002ec                TPM1_IRQHandler
                0x00000000000002fa                TPM2_IRQHandler
                0x0000000000000308                RTC_IRQHandler
                0x0000000000000316                RTC_Seconds_IRQHandler
                0x0000000000000324                PIT_IRQHandler
                0x0000000000000332                Reserved39_IRQHandler
                0x0000000000000340                USB0_IRQHandler
                0x000000000000034e                DAC0_IRQHandler
                0x000000000000035c                TSI0_IRQHandler
                0x000000000000036a                MCG_IRQHandler
                0x0000000000000378                LPTMR0_IRQHandler
                0x0000000000000386                Reserved45_IRQHandler
                0x0000000000000394                PORTA_IRQHandler
                0x00000000000003a2                PORTD_IRQHandler
                0x0000000000000400                . = 0x400
 *fill*         0x00000000000003b0       0x50 ff
                0x0000000000000400                PROVIDE (__FLASH_CONFIG_START__ = .)
 *(SORT_BY_ALIGNMENT(.FlashConfig))
 .FlashConfig   0x0000000000000400       0x10 ./startup/startup_mkl25z4.o
                0x0000000000000400                Flash_Config
                0x0000000000000410                PROVIDE (__FLASH_CONFIG_END__ = .)
                0x0000000000000001                ASSERT (! ((__FLASH_CONFIG_START__ == __FLASH_CONFIG_END__)), Linker Flash Config Support Enabled, but no .FlashConfig section provided within application)
 *(SORT_BY_ALIGNMENT(.text*))
 .text.initTxBuf
                0x0000000000000410       0x7c ./source/Project_5_UART.o
                0x0000000000000410                initTxBuf
 .text.initRxBuf
                0x000000000000048c       0x7c ./source/Project_5_UART.o
                0x000000000000048c                initRxBuf
 .text.main     0x0000000000000508       0xa4 ./source/Project_5_UART.o
                0x0000000000000508                main
 .text.application
                0x00000000000005ac      0x180 ./source/Project_5_UART.o
                0x00000000000005ac                application
 .text.printReport
                0x000000000000072c      0x128 ./source/Project_5_UART.o
                0x000000000000072c                printReport
 .text.UART0_IRQHandler
                0x0000000000000854       0x7c ./source/Project_5_UART.o
                0x0000000000000854                UART0_IRQHandler
 .text.NVIC_SetPriority
                0x00000000000008d0       0xdc ./source/circularBuffer.o
 .text.Init_SysTick
                0x00000000000009ac       0x30 ./source/circularBuffer.o
                0x00000000000009ac                Init_SysTick
 .text.SysTick_Handler
                0x00000000000009dc       0x18 ./source/circularBuffer.o
                0x00000000000009dc                SysTick_Handler
 .text.Init_RGB_LEDs
                0x00000000000009f4       0xa0 ./source/ledControl.o
                0x00000000000009f4                Init_RGB_LEDs
 .text.ledOff   0x0000000000000a94       0x28 ./source/ledControl.o
                0x0000000000000a94                ledOff
 .text.greenLED
                0x0000000000000abc       0x1c ./source/ledControl.o
                0x0000000000000abc                greenLED
 .text.blueLED  0x0000000000000ad8       0x18 ./source/ledControl.o
                0x0000000000000ad8                blueLED
 .text.log_message
                0x0000000000000af0      0x18c ./source/loggerFunctions.o
                0x0000000000000af0                log_message
 .text.HardFault_Handler
                0x0000000000000c7c       0x30 ./source/semihost_hardfault.o
                0x0000000000000c7c                HardFault_Handler
 .text.uartInit
                0x0000000000000cac       0xec ./source/uartIncludes.o
                0x0000000000000cac                uartInit
 .text.transmitReady
                0x0000000000000d98       0x34 ./source/uartIncludes.o
                0x0000000000000d98                transmitReady
 .text.UART0_Transmit_Poll
                0x0000000000000dcc       0x34 ./source/uartIncludes.o
                0x0000000000000dcc                UART0_Transmit_Poll
 .text.receiveReady
                0x0000000000000e00       0x44 ./source/uartIncludes.o
                0x0000000000000e00                receiveReady
 .text.UART0_Receive_Poll
                0x0000000000000e44       0x14 ./source/uartIncludes.o
                0x0000000000000e44                UART0_Receive_Poll
 .text.receivePoll
                0x0000000000000e58       0x28 ./source/uartIncludes.o
                0x0000000000000e58                receivePoll
 .text.CLOCK_SetEr32kClock
                0x0000000000000e80       0x34 ./drivers/fsl_clock.o
 .text.CLOCK_SetPllFllSelClock
                0x0000000000000eb4       0x38 ./drivers/fsl_clock.o
 .text.CLOCK_GetOscRangeFromFreq
                0x0000000000000eec       0x4c ./drivers/fsl_clock.o
 .text.CLOCK_SetSimConfig
                0x0000000000000f38       0x38 ./drivers/fsl_clock.o
                0x0000000000000f38                CLOCK_SetSimConfig
 .text.CLOCK_SetInternalRefClkConfig
                0x0000000000000f70      0x124 ./drivers/fsl_clock.o
                0x0000000000000f70                CLOCK_SetInternalRefClkConfig
 .text.CLOCK_EnablePll0
                0x0000000000001094       0x90 ./drivers/fsl_clock.o
                0x0000000000001094                CLOCK_EnablePll0
 .text.CLOCK_InitOsc0
                0x0000000000001124       0x94 ./drivers/fsl_clock.o
                0x0000000000001124                CLOCK_InitOsc0
 .text.CLOCK_SetPbeMode
                0x00000000000011b8       0xb0 ./drivers/fsl_clock.o
                0x00000000000011b8                CLOCK_SetPbeMode
 .text.CLOCK_BootToPeeMode
                0x0000000000001268       0x70 ./drivers/fsl_clock.o
                0x0000000000001268                CLOCK_BootToPeeMode
 .text.UART0_DriverIRQHandler
                0x00000000000012d8       0x24 ./drivers/fsl_lpsci.o
                0x00000000000012d8                UART0_DriverIRQHandler
 .text.UART1_DriverIRQHandler
                0x00000000000012fc       0x24 ./drivers/fsl_uart.o
                0x00000000000012fc                UART1_DriverIRQHandler
 .text.UART2_DriverIRQHandler
                0x0000000000001320       0x24 ./drivers/fsl_uart.o
                0x0000000000001320                UART2_DriverIRQHandler
 .text.CLOCK_SetSimSafeDivs
                0x0000000000001344       0x20 ./board/clock_config.o
 .text.CLOCK_SetXtal0Freq
                0x0000000000001364       0x1c ./board/clock_config.o
 .text.CLOCK_CONFIG_SetFllExtRefDiv
                0x0000000000001380       0x3c ./board/clock_config.o
 .text.BOARD_BootClockRUN
                0x00000000000013bc       0x64 ./board/clock_config.o
                0x00000000000013bc                BOARD_BootClockRUN
 .text.CLOCK_EnableClock
                0x0000000000001420       0x34 ./board/pin_mux.o
 .text.PORT_SetPinMux
                0x0000000000001454       0x40 ./board/pin_mux.o
 .text.BOARD_InitPins
                0x0000000000001494       0x4c ./board/pin_mux.o
                0x0000000000001494                BOARD_InitPins
 .text.SystemInit
                0x00000000000014e0       0x18 ./CMSIS/system_MKL25Z4.o
                0x00000000000014e0                SystemInit
 .text.__assertion_failed
                0x00000000000014f8       0x4c /Applications/MCUXpressoIDE_11.0.1_2563/ide/plugins/com.nxp.mcuxpresso.tools.macosx_11.0.1.201907311258/tools/bin/../lib/gcc/arm-none-eabi/8.2.1/../../../../arm-none-eabi/lib/thumb/v6-m/nofp/libcr_semihost_nf.a(_cr_assert.o)
                0x00000000000014f8                __assertion_failed
 .text.__sys_appexit
                0x0000000000001544        0xc /Applications/MCUXpressoIDE_11.0.1_2563/ide/plugins/com.nxp.mcuxpresso.tools.macosx_11.0.1.201907311258/tools/bin/../lib/gcc/arm-none-eabi/8.2.1/../../../../arm-none-eabi/lib/thumb/v6-m/nofp/libcr_semihost_nf.a(__sys_appexit.o)
                0x0000000000001544                __exit
                0x0000000000001544                __sys_appexit
 .text._deferredlazyseek
                0x0000000000001550       0x40 /Applications/MCUXpressoIDE_11.0.1_2563/ide/plugins/com.nxp.mcuxpresso.tools.macosx_11.0.1.201907311258/tools/bin/../lib/gcc/arm-none-eabi/8.2.1/../../../../arm-none-eabi/lib/thumb/v6-m/nofp/libcr_c.a(_deferredlazyseek.o)
                0x0000000000001550                _deferredlazyseek
 .text.__flsbuf
                0x0000000000001590      0x14c /Applications/MCUXpressoIDE_11.0.1_2563/ide/plugins/com.nxp.mcuxpresso.tools.macosx_11.0.1.201907311258/tools/bin/../lib/gcc/arm-none-eabi/8.2.1/../../../../arm-none-eabi/lib/thumb/v6-m/nofp/libcr_c.a(_deferredlazyseek.o)
                0x0000000000001590                __flsbuf
 .text._fflush  0x00000000000016dc       0x5c /Applications/MCUXpressoIDE_11.0.1_2563/ide/plugins/com.nxp.mcuxpresso.tools.macosx_11.0.1.201907311258/tools/bin/../lib/gcc/arm-none-eabi/8.2.1/../../../../arm-none-eabi/lib/thumb/v6-m/nofp/libcr_c.a(_fflush.o)
                0x00000000000016dc                _fflush
 .text._Cwritebuf
                0x0000000000001738       0x68 /Applications/MCUXpressoIDE_11.0.1_2563/ide/plugins/com.nxp.mcuxpresso.tools.macosx_11.0.1.201907311258/tools/bin/../lib/gcc/arm-none-eabi/8.2.1/../../../../arm-none-eabi/lib/thumb/v6-m/nofp/libcr_c.a(_writebuf.o)
                0x0000000000001738                _Cwritebuf
 .text.malloc   0x00000000000017a0       0xcc /Applications/MCUXpressoIDE_11.0.1_2563/ide/plugins/com.nxp.mcuxpresso.tools.macosx_11.0.1.201907311258/tools/bin/../lib/gcc/arm-none-eabi/8.2.1/../../../../arm-none-eabi/lib/thumb/v6-m/nofp/libcr_c.a(alloc.o)
                0x00000000000017a0                malloc
 .text._Csys_alloc
                0x000000000000186c       0x20 /Applications/MCUXpressoIDE_11.0.1_2563/ide/plugins/com.nxp.mcuxpresso.tools.macosx_11.0.1.201907311258/tools/bin/../lib/gcc/arm-none-eabi/8.2.1/../../../../arm-none-eabi/lib/thumb/v6-m/nofp/libcr_c.a(alloc.o)
                0x000000000000186c                _Csys_alloc
 .text.fseek    0x000000000000188c       0xf0 /Applications/MCUXpressoIDE_11.0.1_2563/ide/plugins/com.nxp.mcuxpresso.tools.macosx_11.0.1.201907311258/tools/bin/../lib/gcc/arm-none-eabi/8.2.1/../../../../arm-none-eabi/lib/thumb/v6-m/nofp/libcr_c.a(fseek.o)
                0x000000000000188c                fseek
 .text.ftell    0x000000000000197c       0x48 /Applications/MCUXpressoIDE_11.0.1_2563/ide/plugins/com.nxp.mcuxpresso.tools.macosx_11.0.1.201907311258/tools/bin/../lib/gcc/arm-none-eabi/8.2.1/../../../../arm-none-eabi/lib/thumb/v6-m/nofp/libcr_c.a(ftell.o)
                0x000000000000197c                ftell
 .text._initio  0x00000000000019c4       0x7c /Applications/MCUXpressoIDE_11.0.1_2563/ide/plugins/com.nxp.mcuxpresso.tools.macosx_11.0.1.201907311258/tools/bin/../lib/gcc/arm-none-eabi/8.2.1/../../../../arm-none-eabi/lib/thumb/v6-m/nofp/libcr_c.a(initio.o)
                0x00000000000019c4                _initio
 .text.__vfprintf
                0x0000000000001a40      0xcd8 /Applications/MCUXpressoIDE_11.0.1_2563/ide/plugins/com.nxp.mcuxpresso.tools.macosx_11.0.1.201907311258/tools/bin/../lib/gcc/arm-none-eabi/8.2.1/../../../../arm-none-eabi/lib/thumb/v6-m/nofp/libcr_c.a(printf.o)
                0x0000000000001a40                __vfprintf
 .text._sprintf
                0x0000000000002718       0x6c /Applications/MCUXpressoIDE_11.0.1_2563/ide/plugins/com.nxp.mcuxpresso.tools.macosx_11.0.1.201907311258/tools/bin/../lib/gcc/arm-none-eabi/8.2.1/../../../../arm-none-eabi/lib/thumb/v6-m/nofp/libcr_c.a(printf.o)
                0x0000000000002718                _sprintf
 .text.setvbuf  0x0000000000002784       0x4c /Applications/MCUXpressoIDE_11.0.1_2563/ide/plugins/com.nxp.mcuxpresso.tools.macosx_11.0.1.201907311258/tools/bin/../lib/gcc/arm-none-eabi/8.2.1/../../../../arm-none-eabi/lib/thumb/v6-m/nofp/libcr_c.a(setvbuf.o)
                0x0000000000002784                setvbuf
 .text.strlen   0x00000000000027d0       0x58 /Applications/MCUXpressoIDE_11.0.1_2563/ide/plugins/com.nxp.mcuxpresso.tools.macosx_11.0.1.201907311258/tools/bin/../lib/gcc/arm-none-eabi/8.2.1/../../../../arm-none-eabi/lib/thumb/v6-m/nofp/libcr_c.a(strlen.o)
                0x00000000000027d0                strlen
 .text._sbrk    0x0000000000002828       0x40 /Applications/MCUXpressoIDE_11.0.1_2563/ide/plugins/com.nxp.mcuxpresso.tools.macosx_11.0.1.201907311258/tools/bin/../lib/gcc/arm-none-eabi/8.2.1/../../../../arm-none-eabi/lib/thumb/v6-m/nofp/libcr_c.a(_cr_sbrk.o)
                0x0000000000002828                _sbrk
 .text._fdopen  0x0000000000002868       0x74 /Applications/MCUXpressoIDE_11.0.1_2563/ide/plugins/com.nxp.mcuxpresso.tools.macosx_11.0.1.201907311258/tools/bin/../lib/gcc/arm-none-eabi/8.2.1/../../../../arm-none-eabi/lib/thumb/v6-m/nofp/libcr_c.a(_fdopen.o)
                0x0000000000002868                _fdopen
 .text.fclose   0x00000000000028dc       0x5c /Applications/MCUXpressoIDE_11.0.1_2563/ide/plugins/com.nxp.mcuxpresso.tools.macosx_11.0.1.201907311258/tools/bin/../lib/gcc/arm-none-eabi/8.2.1/../../../../arm-none-eabi/lib/thumb/v6-m/nofp/libcr_c.a(fclose.o)
                0x00000000000028dc                fclose
 .text.fflush   0x0000000000002938       0x44 /Applications/MCUXpressoIDE_11.0.1_2563/ide/plugins/com.nxp.mcuxpresso.tools.macosx_11.0.1.201907311258/tools/bin/../lib/gcc/arm-none-eabi/8.2.1/../../../../arm-none-eabi/lib/thumb/v6-m/nofp/libcr_c.a(fflush.o)
                0x0000000000002938                fflush
 .text.__check_heap_overflow
                0x000000000000297c       0x14 /Applications/MCUXpressoIDE_11.0.1_2563/ide/plugins/com.nxp.mcuxpresso.tools.macosx_11.0.1.201907311258/tools/bin/../lib/gcc/arm-none-eabi/8.2.1/../../../../arm-none-eabi/lib/thumb/v6-m/nofp/libcr_c.a(_cr_check_heap.o)
                0x000000000000297c                __check_heap_overflow
 .text._do_fflush
                0x0000000000002990       0x44 /Applications/MCUXpressoIDE_11.0.1_2563/ide/plugins/com.nxp.mcuxpresso.tools.macosx_11.0.1.201907311258/tools/bin/../lib/gcc/arm-none-eabi/8.2.1/../../../../arm-none-eabi/lib/thumb/v6-m/nofp/libcr_c.a(_do_fflush.o)
                0x0000000000002990                _do_fflush
 .text.sendChara
                0x00000000000029d4       0x1e ./source/Project_5_UART.o
                0x00000000000029d4                sendChara
 .text.sendString
                0x00000000000029f2       0x32 ./source/Project_5_UART.o
                0x00000000000029f2                sendString
 .text.adjustElements
                0x0000000000002a24       0x8c ./source/circularBuffer.o
                0x0000000000002a24                adjustElements
 .text.zeroFullBuffer
                0x0000000000002ab0       0x32 ./source/circularBuffer.o
                0x0000000000002ab0                zeroFullBuffer
 .text.checkFull
                0x0000000000002ae2       0x38 ./source/circularBuffer.o
                0x0000000000002ae2                checkFull
 .text.checkEmpty
                0x0000000000002b1a       0x34 ./source/circularBuffer.o
                0x0000000000002b1a                checkEmpty
 .text.addElement
                0x0000000000002b4e       0x64 ./source/circularBuffer.o
                0x0000000000002b4e                addElement
 .text.delElement
                0x0000000000002bb2       0x78 ./source/circularBuffer.o
                0x0000000000002bb2                delElement
 .text.emptyBuffer
                0x0000000000002c2a       0x46 ./source/circularBuffer.o
                0x0000000000002c2a                emptyBuffer
 .text.transmitPoll
                0x0000000000002c70       0x28 ./source/uartIncludes.o
                0x0000000000002c70                transmitPoll
 .text.OSC_SetExtRefClkConfig
                0x0000000000002c98       0x3e ./drivers/fsl_clock.o
 .text.OSC_SetCapLoad
                0x0000000000002cd6       0x42 ./drivers/fsl_clock.o
 .text.CLOCK_SetExternalRefClkConfig
                0x0000000000002d18       0x16 ./drivers/fsl_clock.o
                0x0000000000002d18                CLOCK_SetExternalRefClkConfig
 .text.BOARD_InitBootClocks
                0x0000000000002d2e        0xe ./board/clock_config.o
                0x0000000000002d2e                BOARD_InitBootClocks
 .text.BOARD_InitBootPeripherals
                0x0000000000002d3c        0xa ./board/peripherals.o
                0x0000000000002d3c                BOARD_InitBootPeripherals
 .text.BOARD_InitBootPins
                0x0000000000002d46        0xe ./board/pin_mux.o
                0x0000000000002d46                BOARD_InitBootPins
 .text.__main   0x0000000000002d54        0xc /Applications/MCUXpressoIDE_11.0.1_2563/ide/plugins/com.nxp.mcuxpresso.tools.macosx_11.0.1.201907311258/tools/bin/../lib/gcc/arm-none-eabi/8.2.1/../../../../arm-none-eabi/lib/thumb/v6-m/nofp/libcr_semihost_nf.a(_cr__main.o)
                0x0000000000002d54                __main
                0x0000000000002d54                __CR_SEMIHOST
 .text.memcpy   0x0000000000002d60        0x8 /Applications/MCUXpressoIDE_11.0.1_2563/ide/plugins/com.nxp.mcuxpresso.tools.macosx_11.0.1.201907311258/tools/bin/../lib/gcc/arm-none-eabi/8.2.1/../../../../arm-none-eabi/lib/thumb/v6-m/nofp/libcr_c.a(memcpy.o)
                0x0000000000002d60                memcpy
 .text.memset   0x0000000000002d68        0x8 /Applications/MCUXpressoIDE_11.0.1_2563/ide/plugins/com.nxp.mcuxpresso.tools.macosx_11.0.1.201907311258/tools/bin/../lib/gcc/arm-none-eabi/8.2.1/../../../../arm-none-eabi/lib/thumb/v6-m/nofp/libcr_c.a(memset.o)
                0x0000000000002d68                memset
 .text.free     0x0000000000002d70       0x2c /Applications/MCUXpressoIDE_11.0.1_2563/ide/plugins/com.nxp.mcuxpresso.tools.macosx_11.0.1.201907311258/tools/bin/../lib/gcc/arm-none-eabi/8.2.1/../../../../arm-none-eabi/lib/thumb/v6-m/nofp/libcr_c.a(alloc.o)
                0x0000000000002d70                free
 .text.realloc  0x0000000000002d9c       0x26 /Applications/MCUXpressoIDE_11.0.1_2563/ide/plugins/com.nxp.mcuxpresso.tools.macosx_11.0.1.201907311258/tools/bin/../lib/gcc/arm-none-eabi/8.2.1/../../../../arm-none-eabi/lib/thumb/v6-m/nofp/libcr_c.a(alloc.o)
                0x0000000000002d9c                realloc
 .text.fputs    0x0000000000002dc2       0x2e /Applications/MCUXpressoIDE_11.0.1_2563/ide/plugins/com.nxp.mcuxpresso.tools.macosx_11.0.1.201907311258/tools/bin/../lib/gcc/arm-none-eabi/8.2.1/../../../../arm-none-eabi/lib/thumb/v6-m/nofp/libcr_c.a(fputs.o)
                0x0000000000002dc2                fputs
 .text.no_fp_display
                0x0000000000002df0        0x4 /Applications/MCUXpressoIDE_11.0.1_2563/ide/plugins/com.nxp.mcuxpresso.tools.macosx_11.0.1.201907311258/tools/bin/../lib/gcc/arm-none-eabi/8.2.1/../../../../arm-none-eabi/lib/thumb/v6-m/nofp/libcr_c.a(printf.o)
 .text.remove   0x0000000000002df4       0x12 /Applications/MCUXpressoIDE_11.0.1_2563/ide/plugins/com.nxp.mcuxpresso.tools.macosx_11.0.1.201907311258/tools/bin/../lib/gcc/arm-none-eabi/8.2.1/../../../../arm-none-eabi/lib/thumb/v6-m/nofp/libcr_c.a(remove.o)
                0x0000000000002df4                remove
 .text.__aeabi_division_idivmod
                0x0000000000002e06       0x78 /Applications/MCUXpressoIDE_11.0.1_2563/ide/plugins/com.nxp.mcuxpresso.tools.macosx_11.0.1.201907311258/tools/bin/../lib/gcc/arm-none-eabi/8.2.1/thumb/v6-m/nofp/libcr_eabihelpers.a(division_32.o)
                0x0000000000002e06                __aeabi_idiv
                0x0000000000002e06                __aeabi_idivmod
                0x0000000000002e0c                __aeabi_uidiv
                0x0000000000002e0c                __aeabi_uidivmod
 .text.__aeabi_division_idiv0
                0x0000000000002e7e        0x2 /Applications/MCUXpressoIDE_11.0.1_2563/ide/plugins/com.nxp.mcuxpresso.tools.macosx_11.0.1.201907311258/tools/bin/../lib/gcc/arm-none-eabi/8.2.1/thumb/v6-m/nofp/libcr_eabihelpers.a(division_idiv0.o)
                0x0000000000002e7e                __aeabi_idiv0
 .text.__aeabi_llong_lmul
                0x0000000000002e80       0x2e /Applications/MCUXpressoIDE_11.0.1_2563/ide/plugins/com.nxp.mcuxpresso.tools.macosx_11.0.1.201907311258/tools/bin/../lib/gcc/arm-none-eabi/8.2.1/thumb/v6-m/nofp/libcr_eabihelpers.a(llong.o)
                0x0000000000002e80                __aeabi_lmul
 .text.__aeabi_memcpy
                0x0000000000002eae       0x2c /Applications/MCUXpressoIDE_11.0.1_2563/ide/plugins/com.nxp.mcuxpresso.tools.macosx_11.0.1.201907311258/tools/bin/../lib/gcc/arm-none-eabi/8.2.1/thumb/v6-m/nofp/libcr_eabihelpers.a(memcpy.o)
                0x0000000000002eae                __aeabi_memcpy
                0x0000000000002eae                __aeabi_memcpy4
                0x0000000000002eae                __aeabi_memcpy8
 .text.__aeabi_memset_lowlevel
                0x0000000000002eda       0x2a /Applications/MCUXpressoIDE_11.0.1_2563/ide/plugins/com.nxp.mcuxpresso.tools.macosx_11.0.1.201907311258/tools/bin/../lib/gcc/arm-none-eabi/8.2.1/thumb/v6-m/nofp/libcr_eabihelpers.a(memcpy.o)
                0x0000000000002eda                __aeabi_lowlevel_memset
 .text.__sys_close
                0x0000000000002f04        0xc /Applications/MCUXpressoIDE_11.0.1_2563/ide/plugins/com.nxp.mcuxpresso.tools.macosx_11.0.1.201907311258/tools/bin/../lib/gcc/arm-none-eabi/8.2.1/../../../../arm-none-eabi/lib/thumb/v6-m/nofp/libcr_semihost_nf.a(__sys_close.o)
                0x0000000000002f04                __sys_close
 .text.__sys_flen
                0x0000000000002f10        0xc /Applications/MCUXpressoIDE_11.0.1_2563/ide/plugins/com.nxp.mcuxpresso.tools.macosx_11.0.1.201907311258/tools/bin/../lib/gcc/arm-none-eabi/8.2.1/../../../../arm-none-eabi/lib/thumb/v6-m/nofp/libcr_semihost_nf.a(__sys_flen.o)
                0x0000000000002f10                __sys_flen
 .text.__sys_istty
                0x0000000000002f1c        0xc /Applications/MCUXpressoIDE_11.0.1_2563/ide/plugins/com.nxp.mcuxpresso.tools.macosx_11.0.1.201907311258/tools/bin/../lib/gcc/arm-none-eabi/8.2.1/../../../../arm-none-eabi/lib/thumb/v6-m/nofp/libcr_semihost_nf.a(__sys_istty.o)
                0x0000000000002f1c                __sys_istty
 .text.__sys_remove
                0x0000000000002f28        0xc /Applications/MCUXpressoIDE_11.0.1_2563/ide/plugins/com.nxp.mcuxpresso.tools.macosx_11.0.1.201907311258/tools/bin/../lib/gcc/arm-none-eabi/8.2.1/../../../../arm-none-eabi/lib/thumb/v6-m/nofp/libcr_semihost_nf.a(__sys_remove.o)
                0x0000000000002f28                __sys_remove
 .text.__sys_seek
                0x0000000000002f34        0xc /Applications/MCUXpressoIDE_11.0.1_2563/ide/plugins/com.nxp.mcuxpresso.tools.macosx_11.0.1.201907311258/tools/bin/../lib/gcc/arm-none-eabi/8.2.1/../../../../arm-none-eabi/lib/thumb/v6-m/nofp/libcr_semihost_nf.a(__sys_seek.o)
                0x0000000000002f34                __sys_seek
 .text.__sys_tmpnam
                0x0000000000002f40        0xc /Applications/MCUXpressoIDE_11.0.1_2563/ide/plugins/com.nxp.mcuxpresso.tools.macosx_11.0.1.201907311258/tools/bin/../lib/gcc/arm-none-eabi/8.2.1/../../../../arm-none-eabi/lib/thumb/v6-m/nofp/libcr_semihost_nf.a(__sys_tmpnam.o)
                0x0000000000002f40                __sys_tmpnam
 .text.__sys_write
                0x0000000000002f4c        0xc /Applications/MCUXpressoIDE_11.0.1_2563/ide/plugins/com.nxp.mcuxpresso.tools.macosx_11.0.1.201907311258/tools/bin/../lib/gcc/arm-none-eabi/8.2.1/../../../../arm-none-eabi/lib/thumb/v6-m/nofp/libcr_semihost_nf.a(__sys_write.o)
                0x0000000000002f4c                __sys_write
 *(SORT_BY_ALIGNMENT(.rodata) SORT_BY_ALIGNMENT(.rodata.*) SORT_BY_ALIGNMENT(.constdata) SORT_BY_ALIGNMENT(.constdata.*))
 .rodata        0x0000000000002f58      0x12d ./source/Project_5_UART.o
 *fill*         0x0000000000003085        0x3 ff
 .rodata.__func__.5607
                0x0000000000003088        0x5 ./source/Project_5_UART.o
 *fill*         0x000000000000308d        0x3 ff
 .rodata.__func__.5612
                0x0000000000003090        0xc ./source/Project_5_UART.o
 .rodata        0x000000000000309c       0x44 ./source/loggerFunctions.o
 .rodata        0x00000000000030e0      0x11d ./drivers/fsl_clock.o
 *fill*         0x00000000000031fd        0x3 ff
 .rodata.mcgConfig_BOARD_BootClockRUN
                0x0000000000003200        0xa ./board/clock_config.o
                0x0000000000003200                mcgConfig_BOARD_BootClockRUN
 *fill*         0x000000000000320a        0x2 ff
 .rodata.simConfig_BOARD_BootClockRUN
                0x000000000000320c        0x8 ./board/clock_config.o
                0x000000000000320c                simConfig_BOARD_BootClockRUN
 .rodata.oscConfig_BOARD_BootClockRUN
                0x0000000000003214        0x8 ./board/clock_config.o
                0x0000000000003214                oscConfig_BOARD_BootClockRUN
 .rodata.__num_Ciob_streams
                0x000000000000321c        0x4 /Applications/MCUXpressoIDE_11.0.1_2563/ide/plugins/com.nxp.mcuxpresso.tools.macosx_11.0.1.201907311258/tools/bin/../lib/gcc/arm-none-eabi/8.2.1/../../../../arm-none-eabi/lib/thumb/v6-m/nofp/libcr_semihost_nf.a(__ciob.o)
                0x000000000000321c                __num_Ciob_streams
 .rodata.__assertion_failed.str1.1
                0x0000000000003220       0x15 /Applications/MCUXpressoIDE_11.0.1_2563/ide/plugins/com.nxp.mcuxpresso.tools.macosx_11.0.1.201907311258/tools/bin/../lib/gcc/arm-none-eabi/8.2.1/../../../../arm-none-eabi/lib/thumb/v6-m/nofp/libcr_semihost_nf.a(_cr_assert.o)
 .rodata._Csys_alloc.str1.1
                0x0000000000003235       0x18 /Applications/MCUXpressoIDE_11.0.1_2563/ide/plugins/com.nxp.mcuxpresso.tools.macosx_11.0.1.201907311258/tools/bin/../lib/gcc/arm-none-eabi/8.2.1/../../../../arm-none-eabi/lib/thumb/v6-m/nofp/libcr_c.a(alloc.o)
 .rodata._initio.str1.1
                0x000000000000324d        0x4 /Applications/MCUXpressoIDE_11.0.1_2563/ide/plugins/com.nxp.mcuxpresso.tools.macosx_11.0.1.201907311258/tools/bin/../lib/gcc/arm-none-eabi/8.2.1/../../../../arm-none-eabi/lib/thumb/v6-m/nofp/libcr_c.a(initio.o)
 .rodata.__vfprintf.str1.1
                0x0000000000003251       0x35 /Applications/MCUXpressoIDE_11.0.1_2563/ide/plugins/com.nxp.mcuxpresso.tools.macosx_11.0.1.201907311258/tools/bin/../lib/gcc/arm-none-eabi/8.2.1/../../../../arm-none-eabi/lib/thumb/v6-m/nofp/libcr_c.a(printf.o)
                                         0x38 (size before relaxing)
                0x0000000000003288                . = ALIGN (0x4)
 *fill*         0x0000000000003286        0x2 ff

.glue_7         0x0000000000003288        0x0
 .glue_7        0x0000000000003288        0x0 linker stubs

.glue_7t        0x0000000000003288        0x0
 .glue_7t       0x0000000000003288        0x0 linker stubs

.vfp11_veneer   0x0000000000003288        0x0
 .vfp11_veneer  0x0000000000003288        0x0 linker stubs

.v4_bx          0x0000000000003288        0x0
 .v4_bx         0x0000000000003288        0x0 linker stubs

.iplt           0x0000000000003288        0x0
 .iplt          0x0000000000003288        0x0 ./startup/startup_mkl25z4.o

.rel.dyn        0x0000000000003288        0x0
 .rel.iplt      0x0000000000003288        0x0 ./startup/startup_mkl25z4.o

.ARM.extab
 *(SORT_BY_ALIGNMENT(.ARM.extab*) SORT_BY_ALIGNMENT(.gnu.linkonce.armextab.*))
                0x0000000000003288                __exidx_start = .

.ARM.exidx
 *(SORT_BY_ALIGNMENT(.ARM.exidx*) SORT_BY_ALIGNMENT(.gnu.linkonce.armexidx.*))
                0x0000000000003288                __exidx_end = .
                0x0000000000003288                _etext = .

.m_usb_data
 *(SORT_BY_ALIGNMENT(m_usb_bdt))

.mtb_buffer_default
                0x000000001ffff000       0x80
 *(SORT_BY_ALIGNMENT(.mtb*))
 .mtb.$RAM1     0x000000001ffff000       0x80 ./source/mtb.o
                0x000000001ffff000                __mtb_buffer__

.uninit_RESERVED
                0x000000001ffff080        0x0
                0x000000001ffff080                . = ALIGN (0x4)
 *(SORT_BY_ALIGNMENT(.bss.$RESERVED*))
                0x000000001ffff080                . = ALIGN (0x4)
                0x000000001ffff080                _end_uninit_RESERVED = .

.data           0x000000001ffff080        0x8 load address 0x0000000000003288
 FILL mask 0xff
                0x000000001ffff080                _data = .
 *(SORT_BY_ALIGNMENT(vtable))
 *(SORT_BY_ALIGNMENT(.ramfunc*))
 *(SORT_BY_ALIGNMENT(CodeQuickAccess))
 *(SORT_BY_ALIGNMENT(DataQuickAccess))
 *(SORT_BY_ALIGNMENT(RamFunction))
 *(SORT_BY_ALIGNMENT(.data*))
 .data.SystemCoreClock
                0x000000001ffff080        0x4 ./CMSIS/system_MKL25Z4.o
                0x000000001ffff080                SystemCoreClock
 .data.loggerEnable
                0x000000001ffff084        0x1 ./source/loggerFunctions.o
                0x000000001ffff084                loggerEnable
                0x000000001ffff088                . = ALIGN (0x4)
 *fill*         0x000000001ffff085        0x3 ff
                0x000000001ffff088                _edata = .

.igot.plt       0x000000001ffff088        0x0 load address 0x0000000000003290
 .igot.plt      0x000000001ffff088        0x0 ./startup/startup_mkl25z4.o

.bss            0x000000001ffff088      0x108 load address 0x0000000000003290
                0x000000001ffff088                . = ALIGN (0x4)
                0x000000001ffff088                _bss = .
 *(SORT_BY_ALIGNMENT(.bss*))
 .bss.txBuf     0x000000001ffff088        0x4 ./source/Project_5_UART.o
                0x000000001ffff088                txBuf
 .bss.rxBuf     0x000000001ffff08c        0x4 ./source/Project_5_UART.o
                0x000000001ffff08c                rxBuf
 .bss.tenth     0x000000001ffff090        0x4 ./source/circularBuffer.o
                0x000000001ffff090                tenth
 .bss.ucunit_checkpoints
                0x000000001ffff094       0x18 ./source/unitTest.o
                0x000000001ffff094                ucunit_checkpoints
 .bss.g_xtal0Freq
                0x000000001ffff0ac        0x4 ./drivers/fsl_clock.o
                0x000000001ffff0ac                g_xtal0Freq
 .bss.s_lpsciHandle
                0x000000001ffff0b0        0x4 ./drivers/fsl_lpsci.o
 .bss.s_lpsciIsr
                0x000000001ffff0b4        0x4 ./drivers/fsl_lpsci.o
 .bss.s_uartHandle
                0x000000001ffff0b8        0xc ./drivers/fsl_uart.o
 .bss.s_uartIsr
                0x000000001ffff0c4        0x4 ./drivers/fsl_uart.o
 .bss.__Ciob    0x000000001ffff0c8       0xb4 /Applications/MCUXpressoIDE_11.0.1_2563/ide/plugins/com.nxp.mcuxpresso.tools.macosx_11.0.1.201907311258/tools/bin/../lib/gcc/arm-none-eabi/8.2.1/../../../../arm-none-eabi/lib/thumb/v6-m/nofp/libcr_semihost_nf.a(__ciob.o)
                0x000000001ffff0c8                __Ciob
 .bss.__end_of_heap
                0x000000001ffff17c        0x4 /Applications/MCUXpressoIDE_11.0.1_2563/ide/plugins/com.nxp.mcuxpresso.tools.macosx_11.0.1.201907311258/tools/bin/../lib/gcc/arm-none-eabi/8.2.1/../../../../arm-none-eabi/lib/thumb/v6-m/nofp/libcr_c.a(__init_alloc.o)
                0x000000001ffff17c                __end_of_heap
 .bss.__heaps   0x000000001ffff180        0x4 /Applications/MCUXpressoIDE_11.0.1_2563/ide/plugins/com.nxp.mcuxpresso.tools.macosx_11.0.1.201907311258/tools/bin/../lib/gcc/arm-none-eabi/8.2.1/../../../../arm-none-eabi/lib/thumb/v6-m/nofp/libcr_c.a(__init_alloc.o)
                0x000000001ffff180                __heaps
 .bss.errno     0x000000001ffff184        0x4 /Applications/MCUXpressoIDE_11.0.1_2563/ide/plugins/com.nxp.mcuxpresso.tools.macosx_11.0.1.201907311258/tools/bin/../lib/gcc/arm-none-eabi/8.2.1/../../../../arm-none-eabi/lib/thumb/v6-m/nofp/libcr_c.a(errno.o)
                0x000000001ffff184                errno
 .bss.c         0x000000001ffff188        0x1 ./source/Project_5_UART.o
                0x000000001ffff188                c
 .bss.inputReady
                0x000000001ffff189        0x1 ./source/Project_5_UART.o
                0x000000001ffff189                inputReady
 .bss.reportPrint
                0x000000001ffff18a        0x1 ./source/Project_5_UART.o
                0x000000001ffff18a                reportPrint
 .bss.txBufferReady
                0x000000001ffff18b        0x1 ./source/Project_5_UART.o
                0x000000001ffff18b                txBufferReady
 .bss.temp      0x000000001ffff18c        0x1 ./source/uartIncludes.o
                0x000000001ffff18c                temp
 .bss.transmitTemp
                0x000000001ffff18d        0x1 ./source/uartIncludes.o
                0x000000001ffff18d                transmitTemp
 *(SORT_BY_ALIGNMENT(COMMON))
                0x000000001ffff190                . = ALIGN (0x4)
 *fill*         0x000000001ffff18e        0x2 
                0x000000001ffff190                _ebss = .
                [!provide]                        PROVIDE (end = .)

.noinit         0x000000001ffff190        0x0 load address 0x0000000000003290
                0x000000001ffff190                . = ALIGN (0x4)
                0x000000001ffff190                _noinit = .
 *(SORT_BY_ALIGNMENT(.noinit*))
                0x000000001ffff190                . = ALIGN (0x4)
                0x000000001ffff190                _end_noinit = .
                0x0000000000000400                _HeapSize = 0x400

.heap           0x000000001ffff190      0x400 load address 0x0000000000003290
                0x000000001ffff190                _pvHeapStart = .
                0x000000001ffff590                . = (. + _HeapSize)
 *fill*         0x000000001ffff190      0x400 
                0x000000001ffff590                . = ALIGN (0x4)
                0x000000001ffff590                _pvHeapLimit = .
                0x0000000000000400                _StackSize = 0x400

.heap2stackfill
                0x000000001ffff590      0x400 load address 0x0000000000003290
                0x000000001ffff990                . = (. + _StackSize)
 *fill*         0x000000001ffff590      0x400 

.stack          0x0000000020002c00        0x0
                0x0000000020002c00                _vStackBase = .
                0x0000000020002c00                . = ALIGN (0x4)
                0x0000000020003000                _vStackTop = (. + _StackSize)
                0x0000000000000000                _image_start = LOADADDR (.text)
                0x0000000000003290                _image_end = (LOADADDR (.data) + SIZEOF (.data))
                0x0000000000003290                _image_size = (_image_end - _image_start)
OUTPUT(PES_Project_5.axf elf32-littlearm)

.debug_info     0x0000000000000000     0x9570
 .debug_info    0x0000000000000000      0x4f9 ./startup/startup_mkl25z4.o
 .debug_info    0x00000000000004f9      0xb9e ./source/Project_5_UART.o
 .debug_info    0x0000000000001097      0x96b ./source/circularBuffer.o
 .debug_info    0x0000000000001a02      0x42e ./source/ledControl.o
 .debug_info    0x0000000000001e30      0xa38 ./source/loggerFunctions.o
 .debug_info    0x0000000000002868       0x53 ./source/mtb.o
 .debug_info    0x00000000000028bb       0x3c ./source/semihost_hardfault.o
 .debug_info    0x00000000000028f7      0xbbc ./source/uartIncludes.o
 .debug_info    0x00000000000034b3      0x89b ./source/unitTest.o
 .debug_info    0x0000000000003d4e     0x1a97 ./drivers/fsl_clock.o
 .debug_info    0x00000000000057e5     0x1469 ./drivers/fsl_lpsci.o
 .debug_info    0x0000000000006c4e     0x140a ./drivers/fsl_uart.o
 .debug_info    0x0000000000008058      0xb00 ./board/clock_config.o
 .debug_info    0x0000000000008b58       0x3c ./board/peripherals.o
 .debug_info    0x0000000000008b94      0x5a3 ./board/pin_mux.o
 .debug_info    0x0000000000009137      0x439 ./CMSIS/system_MKL25Z4.o

.debug_abbrev   0x0000000000000000     0x1cd6
 .debug_abbrev  0x0000000000000000      0x17e ./startup/startup_mkl25z4.o
 .debug_abbrev  0x000000000000017e      0x25c ./source/Project_5_UART.o
 .debug_abbrev  0x00000000000003da      0x297 ./source/circularBuffer.o
 .debug_abbrev  0x0000000000000671      0x14a ./source/ledControl.o
 .debug_abbrev  0x00000000000007bb      0x1de ./source/loggerFunctions.o
 .debug_abbrev  0x0000000000000999       0x46 ./source/mtb.o
 .debug_abbrev  0x00000000000009df       0x31 ./source/semihost_hardfault.o
 .debug_abbrev  0x0000000000000a10      0x24e ./source/uartIncludes.o
 .debug_abbrev  0x0000000000000c5e      0x17b ./source/unitTest.o
 .debug_abbrev  0x0000000000000dd9      0x36f ./drivers/fsl_clock.o
 .debug_abbrev  0x0000000000001148      0x309 ./drivers/fsl_lpsci.o
 .debug_abbrev  0x0000000000001451      0x323 ./drivers/fsl_uart.o
 .debug_abbrev  0x0000000000001774      0x220 ./board/clock_config.o
 .debug_abbrev  0x0000000000001994       0x31 ./board/peripherals.o
 .debug_abbrev  0x00000000000019c5      0x1bb ./board/pin_mux.o
 .debug_abbrev  0x0000000000001b80      0x156 ./CMSIS/system_MKL25Z4.o

.debug_aranges  0x0000000000000000      0x890
 .debug_aranges
                0x0000000000000000      0x160 ./startup/startup_mkl25z4.o
 .debug_aranges
                0x0000000000000160       0x60 ./source/Project_5_UART.o
 .debug_aranges
                0x00000000000001c0       0x90 ./source/circularBuffer.o
 .debug_aranges
                0x0000000000000250       0x40 ./source/ledControl.o
 .debug_aranges
                0x0000000000000290       0x58 ./source/loggerFunctions.o
 .debug_aranges
                0x00000000000002e8       0x18 ./source/mtb.o
 .debug_aranges
                0x0000000000000300       0x20 ./source/semihost_hardfault.o
 .debug_aranges
                0x0000000000000320       0x58 ./source/uartIncludes.o
 .debug_aranges
                0x0000000000000378       0x20 ./source/unitTest.o
 .debug_aranges
                0x0000000000000398      0x1d8 ./drivers/fsl_clock.o
 .debug_aranges
                0x0000000000000570      0x118 ./drivers/fsl_lpsci.o
 .debug_aranges
                0x0000000000000688      0x130 ./drivers/fsl_uart.o
 .debug_aranges
                0x00000000000007b8       0x58 ./board/clock_config.o
 .debug_aranges
                0x0000000000000810       0x20 ./board/peripherals.o
 .debug_aranges
                0x0000000000000830       0x38 ./board/pin_mux.o
 .debug_aranges
                0x0000000000000868       0x28 ./CMSIS/system_MKL25Z4.o

.debug_ranges   0x0000000000000000      0x7a0
 .debug_ranges  0x0000000000000000      0x150 ./startup/startup_mkl25z4.o
 .debug_ranges  0x0000000000000150       0x68 ./source/Project_5_UART.o
 .debug_ranges  0x00000000000001b8       0x80 ./source/circularBuffer.o
 .debug_ranges  0x0000000000000238       0x30 ./source/ledControl.o
 .debug_ranges  0x0000000000000268       0x48 ./source/loggerFunctions.o
 .debug_ranges  0x00000000000002b0       0x10 ./source/semihost_hardfault.o
 .debug_ranges  0x00000000000002c0       0x48 ./source/uartIncludes.o
 .debug_ranges  0x0000000000000308       0x10 ./source/unitTest.o
 .debug_ranges  0x0000000000000318      0x1c8 ./drivers/fsl_clock.o
 .debug_ranges  0x00000000000004e0      0x108 ./drivers/fsl_lpsci.o
 .debug_ranges  0x00000000000005e8      0x120 ./drivers/fsl_uart.o
 .debug_ranges  0x0000000000000708       0x48 ./board/clock_config.o
 .debug_ranges  0x0000000000000750       0x10 ./board/peripherals.o
 .debug_ranges  0x0000000000000760       0x28 ./board/pin_mux.o
 .debug_ranges  0x0000000000000788       0x18 ./CMSIS/system_MKL25Z4.o

.debug_macro    0x0000000000000000     0x1477
 .debug_macro   0x0000000000000000       0x23 ./startup/startup_mkl25z4.o
 .debug_macro   0x0000000000000023      0x1ac ./source/Project_5_UART.o
 .debug_macro   0x00000000000001cf       0xd8 ./source/Project_5_UART.o
 .debug_macro   0x00000000000002a7       0x16 ./source/Project_5_UART.o
 .debug_macro   0x00000000000002bd       0x10 ./source/Project_5_UART.o
 .debug_macro   0x00000000000002cd      0x112 ./source/Project_5_UART.o
 .debug_macro   0x00000000000003df       0x34 ./source/Project_5_UART.o
 .debug_macro   0x0000000000000413       0x22 ./source/Project_5_UART.o
 .debug_macro   0x0000000000000435       0x1c ./source/Project_5_UART.o
 .debug_macro   0x0000000000000451       0x16 ./source/Project_5_UART.o
 .debug_macro   0x0000000000000467       0x10 ./source/Project_5_UART.o
 .debug_macro   0x0000000000000477      0x10a ./source/Project_5_UART.o
 .debug_macro   0x0000000000000581       0xeb ./source/circularBuffer.o
 .debug_macro   0x000000000000066c       0xbd ./source/ledControl.o
 .debug_macro   0x0000000000000729       0x34 ./source/ledControl.o
 .debug_macro   0x000000000000075d      0x189 ./source/loggerFunctions.o
 .debug_macro   0x00000000000008e6       0x2f ./source/mtb.o
 .debug_macro   0x0000000000000915       0x82 ./source/mtb.o
 .debug_macro   0x0000000000000997       0x10 ./source/mtb.o
 .debug_macro   0x00000000000009a7       0x11 ./source/semihost_hardfault.o
 .debug_macro   0x00000000000009b8      0x189 ./source/uartIncludes.o
 .debug_macro   0x0000000000000b41      0x1ac ./source/unitTest.o
 .debug_macro   0x0000000000000ced      0x111 ./source/unitTest.o
 .debug_macro   0x0000000000000dfe      0x196 ./drivers/fsl_clock.o
 .debug_macro   0x0000000000000f94       0x1c ./drivers/fsl_clock.o
 .debug_macro   0x0000000000000fb0       0xec ./drivers/fsl_lpsci.o
 .debug_macro   0x000000000000109c       0xf2 ./drivers/fsl_uart.o
 .debug_macro   0x000000000000118e      0x123 ./board/clock_config.o
 .debug_macro   0x00000000000012b1       0x1b ./board/peripherals.o
 .debug_macro   0x00000000000012cc      0x107 ./board/pin_mux.o
 .debug_macro   0x00000000000013d3       0x10 ./board/pin_mux.o
 .debug_macro   0x00000000000013e3       0x94 ./CMSIS/system_MKL25Z4.o

.debug_line     0x0000000000000000     0x59d6
 .debug_line    0x0000000000000000      0x249 ./startup/startup_mkl25z4.o
 .debug_line    0x0000000000000249      0x64a ./source/Project_5_UART.o
 .debug_line    0x0000000000000893      0x6be ./source/circularBuffer.o
 .debug_line    0x0000000000000f51      0x2d0 ./source/ledControl.o
 .debug_line    0x0000000000001221      0x527 ./source/loggerFunctions.o
 .debug_line    0x0000000000001748       0xd9 ./source/mtb.o
 .debug_line    0x0000000000001821       0x5a ./source/semihost_hardfault.o
 .debug_line    0x000000000000187b      0x4a3 ./source/uartIncludes.o
 .debug_line    0x0000000000001d1e      0x54c ./source/unitTest.o
 .debug_line    0x000000000000226a     0x12c1 ./drivers/fsl_clock.o
 .debug_line    0x000000000000352b      0xd42 ./drivers/fsl_lpsci.o
 .debug_line    0x000000000000426d      0xd31 ./drivers/fsl_uart.o
 .debug_line    0x0000000000004f9e      0x383 ./board/clock_config.o
 .debug_line    0x0000000000005321       0x5c ./board/peripherals.o
 .debug_line    0x000000000000537d      0x30a ./board/pin_mux.o
 .debug_line    0x0000000000005687      0x34f ./CMSIS/system_MKL25Z4.o

.debug_str      0x0000000000000000    0x36b4d
 .debug_str     0x0000000000000000     0x3158 ./startup/startup_mkl25z4.o
                                       0x31af (size before relaxing)
 .debug_str     0x0000000000003158    0x2ffd0 ./source/Project_5_UART.o
                                      0x32f98 (size before relaxing)
 .debug_str     0x0000000000033128      0x324 ./source/circularBuffer.o
                                      0x29699 (size before relaxing)
 .debug_str     0x000000000003344c      0x15d ./source/ledControl.o
                                      0x28fd5 (size before relaxing)
 .debug_str     0x00000000000335a9       0xb9 ./source/loggerFunctions.o
                                      0x31dd2 (size before relaxing)
 .debug_str     0x0000000000033662      0x532 ./source/mtb.o
                                       0x32ca (size before relaxing)
 .debug_str     0x0000000000033b94       0x1f ./source/semihost_hardfault.o
                                       0x2db7 (size before relaxing)
 .debug_str     0x0000000000033bb3       0x98 ./source/uartIncludes.o
                                      0x31e81 (size before relaxing)
 .debug_str     0x0000000000033c4b       0x2d ./source/unitTest.o
                                      0x32eb5 (size before relaxing)
 .debug_str     0x0000000000033c78     0x157f ./drivers/fsl_clock.o
                                      0x322c5 (size before relaxing)
 .debug_str     0x00000000000351f7      0xab8 ./drivers/fsl_lpsci.o
                                      0x318cd (size before relaxing)
 .debug_str     0x0000000000035caf      0x93d ./drivers/fsl_uart.o
                                      0x318f0 (size before relaxing)
 .debug_str     0x00000000000365ec      0x300 ./board/clock_config.o
                                      0x311f3 (size before relaxing)
 .debug_str     0x00000000000368ec       0x31 ./board/peripherals.o
                                       0x2dc8 (size before relaxing)
 .debug_str     0x000000000003691d      0x1e1 ./board/pin_mux.o
                                      0x30956 (size before relaxing)
 .debug_str     0x0000000000036afe       0x4f ./CMSIS/system_MKL25Z4.o
                                      0x2fc2f (size before relaxing)

.comment        0x0000000000000000       0x75
 .comment       0x0000000000000000       0x75 ./startup/startup_mkl25z4.o
                                         0x76 (size before relaxing)
 .comment       0x0000000000000075       0x76 ./source/Project_5_UART.o
 .comment       0x0000000000000075       0x76 ./source/circularBuffer.o
 .comment       0x0000000000000075       0x76 ./source/ledControl.o
 .comment       0x0000000000000075       0x76 ./source/loggerFunctions.o
 .comment       0x0000000000000075       0x76 ./source/mtb.o
 .comment       0x0000000000000075       0x76 ./source/semihost_hardfault.o
 .comment       0x0000000000000075       0x76 ./source/uartIncludes.o
 .comment       0x0000000000000075       0x76 ./source/unitTest.o
 .comment       0x0000000000000075       0x76 ./drivers/fsl_clock.o
 .comment       0x0000000000000075       0x76 ./drivers/fsl_lpsci.o
 .comment       0x0000000000000075       0x76 ./drivers/fsl_uart.o
 .comment       0x0000000000000075       0x76 ./board/clock_config.o
 .comment       0x0000000000000075       0x76 ./board/peripherals.o
 .comment       0x0000000000000075       0x76 ./board/pin_mux.o
 .comment       0x0000000000000075       0x76 ./CMSIS/system_MKL25Z4.o
 .comment       0x0000000000000075       0x76 /Applications/MCUXpressoIDE_11.0.1_2563/ide/plugins/com.nxp.mcuxpresso.tools.macosx_11.0.1.201907311258/tools/bin/../lib/gcc/arm-none-eabi/8.2.1/../../../../arm-none-eabi/lib/thumb/v6-m/nofp/libcr_semihost_nf.a(_cr__main.o)
 .comment       0x0000000000000075       0x76 /Applications/MCUXpressoIDE_11.0.1_2563/ide/plugins/com.nxp.mcuxpresso.tools.macosx_11.0.1.201907311258/tools/bin/../lib/gcc/arm-none-eabi/8.2.1/../../../../arm-none-eabi/lib/thumb/v6-m/nofp/libcr_semihost_nf.a(_cr_assert.o)
 .comment       0x0000000000000075       0x76 /Applications/MCUXpressoIDE_11.0.1_2563/ide/plugins/com.nxp.mcuxpresso.tools.macosx_11.0.1.201907311258/tools/bin/../lib/gcc/arm-none-eabi/8.2.1/../../../../arm-none-eabi/lib/thumb/v6-m/nofp/libcr_semihost_nf.a(__ciob.o)
 .comment       0x0000000000000075       0x76 /Applications/MCUXpressoIDE_11.0.1_2563/ide/plugins/com.nxp.mcuxpresso.tools.macosx_11.0.1.201907311258/tools/bin/../lib/gcc/arm-none-eabi/8.2.1/../../../../arm-none-eabi/lib/thumb/v6-m/nofp/libcr_c.a(memcpy.o)
 .comment       0x0000000000000075       0x76 /Applications/MCUXpressoIDE_11.0.1_2563/ide/plugins/com.nxp.mcuxpresso.tools.macosx_11.0.1.201907311258/tools/bin/../lib/gcc/arm-none-eabi/8.2.1/../../../../arm-none-eabi/lib/thumb/v6-m/nofp/libcr_c.a(memset.o)
 .comment       0x0000000000000075       0x76 /Applications/MCUXpressoIDE_11.0.1_2563/ide/plugins/com.nxp.mcuxpresso.tools.macosx_11.0.1.201907311258/tools/bin/../lib/gcc/arm-none-eabi/8.2.1/../../../../arm-none-eabi/lib/thumb/v6-m/nofp/libcr_c.a(_deferredlazyseek.o)
 .comment       0x0000000000000075       0x76 /Applications/MCUXpressoIDE_11.0.1_2563/ide/plugins/com.nxp.mcuxpresso.tools.macosx_11.0.1.201907311258/tools/bin/../lib/gcc/arm-none-eabi/8.2.1/../../../../arm-none-eabi/lib/thumb/v6-m/nofp/libcr_c.a(_fflush.o)
 .comment       0x0000000000000075       0x76 /Applications/MCUXpressoIDE_11.0.1_2563/ide/plugins/com.nxp.mcuxpresso.tools.macosx_11.0.1.201907311258/tools/bin/../lib/gcc/arm-none-eabi/8.2.1/../../../../arm-none-eabi/lib/thumb/v6-m/nofp/libcr_c.a(_writebuf.o)
 .comment       0x0000000000000075       0x76 /Applications/MCUXpressoIDE_11.0.1_2563/ide/plugins/com.nxp.mcuxpresso.tools.macosx_11.0.1.201907311258/tools/bin/../lib/gcc/arm-none-eabi/8.2.1/../../../../arm-none-eabi/lib/thumb/v6-m/nofp/libcr_c.a(alloc.o)
 .comment       0x0000000000000075       0x76 /Applications/MCUXpressoIDE_11.0.1_2563/ide/plugins/com.nxp.mcuxpresso.tools.macosx_11.0.1.201907311258/tools/bin/../lib/gcc/arm-none-eabi/8.2.1/../../../../arm-none-eabi/lib/thumb/v6-m/nofp/libcr_c.a(fputs.o)
 .comment       0x0000000000000075       0x76 /Applications/MCUXpressoIDE_11.0.1_2563/ide/plugins/com.nxp.mcuxpresso.tools.macosx_11.0.1.201907311258/tools/bin/../lib/gcc/arm-none-eabi/8.2.1/../../../../arm-none-eabi/lib/thumb/v6-m/nofp/libcr_c.a(fseek.o)
 .comment       0x0000000000000075       0x76 /Applications/MCUXpressoIDE_11.0.1_2563/ide/plugins/com.nxp.mcuxpresso.tools.macosx_11.0.1.201907311258/tools/bin/../lib/gcc/arm-none-eabi/8.2.1/../../../../arm-none-eabi/lib/thumb/v6-m/nofp/libcr_c.a(ftell.o)
 .comment       0x0000000000000075       0x76 /Applications/MCUXpressoIDE_11.0.1_2563/ide/plugins/com.nxp.mcuxpresso.tools.macosx_11.0.1.201907311258/tools/bin/../lib/gcc/arm-none-eabi/8.2.1/../../../../arm-none-eabi/lib/thumb/v6-m/nofp/libcr_c.a(initio.o)
 .comment       0x0000000000000075       0x76 /Applications/MCUXpressoIDE_11.0.1_2563/ide/plugins/com.nxp.mcuxpresso.tools.macosx_11.0.1.201907311258/tools/bin/../lib/gcc/arm-none-eabi/8.2.1/../../../../arm-none-eabi/lib/thumb/v6-m/nofp/libcr_c.a(printf.o)
 .comment       0x0000000000000075       0x76 /Applications/MCUXpressoIDE_11.0.1_2563/ide/plugins/com.nxp.mcuxpresso.tools.macosx_11.0.1.201907311258/tools/bin/../lib/gcc/arm-none-eabi/8.2.1/../../../../arm-none-eabi/lib/thumb/v6-m/nofp/libcr_c.a(setvbuf.o)
 .comment       0x0000000000000075       0x76 /Applications/MCUXpressoIDE_11.0.1_2563/ide/plugins/com.nxp.mcuxpresso.tools.macosx_11.0.1.201907311258/tools/bin/../lib/gcc/arm-none-eabi/8.2.1/../../../../arm-none-eabi/lib/thumb/v6-m/nofp/libcr_c.a(strlen.o)
 .comment       0x0000000000000075       0x76 /Applications/MCUXpressoIDE_11.0.1_2563/ide/plugins/com.nxp.mcuxpresso.tools.macosx_11.0.1.201907311258/tools/bin/../lib/gcc/arm-none-eabi/8.2.1/../../../../arm-none-eabi/lib/thumb/v6-m/nofp/libcr_c.a(__init_alloc.o)
 .comment       0x0000000000000075       0x76 /Applications/MCUXpressoIDE_11.0.1_2563/ide/plugins/com.nxp.mcuxpresso.tools.macosx_11.0.1.201907311258/tools/bin/../lib/gcc/arm-none-eabi/8.2.1/../../../../arm-none-eabi/lib/thumb/v6-m/nofp/libcr_c.a(_cr_sbrk.o)
 .comment       0x0000000000000075       0x76 /Applications/MCUXpressoIDE_11.0.1_2563/ide/plugins/com.nxp.mcuxpresso.tools.macosx_11.0.1.201907311258/tools/bin/../lib/gcc/arm-none-eabi/8.2.1/../../../../arm-none-eabi/lib/thumb/v6-m/nofp/libcr_c.a(_fdopen.o)
 .comment       0x0000000000000075       0x76 /Applications/MCUXpressoIDE_11.0.1_2563/ide/plugins/com.nxp.mcuxpresso.tools.macosx_11.0.1.201907311258/tools/bin/../lib/gcc/arm-none-eabi/8.2.1/../../../../arm-none-eabi/lib/thumb/v6-m/nofp/libcr_c.a(errno.o)
 .comment       0x0000000000000075       0x76 /Applications/MCUXpressoIDE_11.0.1_2563/ide/plugins/com.nxp.mcuxpresso.tools.macosx_11.0.1.201907311258/tools/bin/../lib/gcc/arm-none-eabi/8.2.1/../../../../arm-none-eabi/lib/thumb/v6-m/nofp/libcr_c.a(fclose.o)
 .comment       0x0000000000000075       0x76 /Applications/MCUXpressoIDE_11.0.1_2563/ide/plugins/com.nxp.mcuxpresso.tools.macosx_11.0.1.201907311258/tools/bin/../lib/gcc/arm-none-eabi/8.2.1/../../../../arm-none-eabi/lib/thumb/v6-m/nofp/libcr_c.a(fflush.o)
 .comment       0x0000000000000075       0x76 /Applications/MCUXpressoIDE_11.0.1_2563/ide/plugins/com.nxp.mcuxpresso.tools.macosx_11.0.1.201907311258/tools/bin/../lib/gcc/arm-none-eabi/8.2.1/../../../../arm-none-eabi/lib/thumb/v6-m/nofp/libcr_c.a(remove.o)
 .comment       0x0000000000000075       0x76 /Applications/MCUXpressoIDE_11.0.1_2563/ide/plugins/com.nxp.mcuxpresso.tools.macosx_11.0.1.201907311258/tools/bin/../lib/gcc/arm-none-eabi/8.2.1/../../../../arm-none-eabi/lib/thumb/v6-m/nofp/libcr_c.a(_cr_check_heap.o)
 .comment       0x0000000000000075       0x76 /Applications/MCUXpressoIDE_11.0.1_2563/ide/plugins/com.nxp.mcuxpresso.tools.macosx_11.0.1.201907311258/tools/bin/../lib/gcc/arm-none-eabi/8.2.1/../../../../arm-none-eabi/lib/thumb/v6-m/nofp/libcr_c.a(_do_fflush.o)

.ARM.attributes
                0x0000000000000000       0x2a
 .ARM.attributes
                0x0000000000000000       0x2c ./startup/startup_mkl25z4.o
 .ARM.attributes
                0x000000000000002c       0x2c ./source/Project_5_UART.o
 .ARM.attributes
                0x0000000000000058       0x2c ./source/circularBuffer.o
 .ARM.attributes
                0x0000000000000084       0x2c ./source/ledControl.o
 .ARM.attributes
                0x00000000000000b0       0x2c ./source/loggerFunctions.o
 .ARM.attributes
                0x00000000000000dc       0x32 ./source/mtb.o
 .ARM.attributes
                0x000000000000010e       0x2c ./source/semihost_hardfault.o
 .ARM.attributes
                0x000000000000013a       0x2c ./source/uartIncludes.o
 .ARM.attributes
                0x0000000000000166       0x2c ./source/unitTest.o
 .ARM.attributes
                0x0000000000000192       0x2c ./drivers/fsl_clock.o
 .ARM.attributes
                0x00000000000001be       0x2c ./drivers/fsl_lpsci.o
 .ARM.attributes
                0x00000000000001ea       0x2c ./drivers/fsl_uart.o
 .ARM.attributes
                0x0000000000000216       0x2c ./board/clock_config.o
 .ARM.attributes
                0x0000000000000242       0x2c ./board/peripherals.o
 .ARM.attributes
                0x000000000000026e       0x2c ./board/pin_mux.o
 .ARM.attributes
                0x000000000000029a       0x2c ./CMSIS/system_MKL25Z4.o
 .ARM.attributes
                0x00000000000002c6       0x2c /Applications/MCUXpressoIDE_11.0.1_2563/ide/plugins/com.nxp.mcuxpresso.tools.macosx_11.0.1.201907311258/tools/bin/../lib/gcc/arm-none-eabi/8.2.1/../../../../arm-none-eabi/lib/thumb/v6-m/nofp/libcr_semihost_nf.a(_cr__main.o)
 .ARM.attributes
                0x00000000000002f2       0x2c /Applications/MCUXpressoIDE_11.0.1_2563/ide/plugins/com.nxp.mcuxpresso.tools.macosx_11.0.1.201907311258/tools/bin/../lib/gcc/arm-none-eabi/8.2.1/../../../../arm-none-eabi/lib/thumb/v6-m/nofp/libcr_semihost_nf.a(_cr_assert.o)
 .ARM.attributes
                0x000000000000031e       0x31 /Applications/MCUXpressoIDE_11.0.1_2563/ide/plugins/com.nxp.mcuxpresso.tools.macosx_11.0.1.201907311258/tools/bin/../lib/gcc/arm-none-eabi/8.2.1/../../../../arm-none-eabi/lib/thumb/v6-m/nofp/libcr_semihost_nf.a(__ciob.o)
 .ARM.attributes
                0x000000000000034f       0x1c /Applications/MCUXpressoIDE_11.0.1_2563/ide/plugins/com.nxp.mcuxpresso.tools.macosx_11.0.1.201907311258/tools/bin/../lib/gcc/arm-none-eabi/8.2.1/../../../../arm-none-eabi/lib/thumb/v6-m/nofp/libcr_semihost_nf.a(__sys_appexit.o)
 .ARM.attributes
                0x000000000000036b       0x2c /Applications/MCUXpressoIDE_11.0.1_2563/ide/plugins/com.nxp.mcuxpresso.tools.macosx_11.0.1.201907311258/tools/bin/../lib/gcc/arm-none-eabi/8.2.1/../../../../arm-none-eabi/lib/thumb/v6-m/nofp/libcr_c.a(memcpy.o)
 .ARM.attributes
                0x0000000000000397       0x2c /Applications/MCUXpressoIDE_11.0.1_2563/ide/plugins/com.nxp.mcuxpresso.tools.macosx_11.0.1.201907311258/tools/bin/../lib/gcc/arm-none-eabi/8.2.1/../../../../arm-none-eabi/lib/thumb/v6-m/nofp/libcr_c.a(memset.o)
 .ARM.attributes
                0x00000000000003c3       0x2c /Applications/MCUXpressoIDE_11.0.1_2563/ide/plugins/com.nxp.mcuxpresso.tools.macosx_11.0.1.201907311258/tools/bin/../lib/gcc/arm-none-eabi/8.2.1/../../../../arm-none-eabi/lib/thumb/v6-m/nofp/libcr_c.a(_deferredlazyseek.o)
 .ARM.attributes
                0x00000000000003ef       0x2c /Applications/MCUXpressoIDE_11.0.1_2563/ide/plugins/com.nxp.mcuxpresso.tools.macosx_11.0.1.201907311258/tools/bin/../lib/gcc/arm-none-eabi/8.2.1/../../../../arm-none-eabi/lib/thumb/v6-m/nofp/libcr_c.a(_fflush.o)
 .ARM.attributes
                0x000000000000041b       0x2c /Applications/MCUXpressoIDE_11.0.1_2563/ide/plugins/com.nxp.mcuxpresso.tools.macosx_11.0.1.201907311258/tools/bin/../lib/gcc/arm-none-eabi/8.2.1/../../../../arm-none-eabi/lib/thumb/v6-m/nofp/libcr_c.a(_writebuf.o)
 .ARM.attributes
                0x0000000000000447       0x2c /Applications/MCUXpressoIDE_11.0.1_2563/ide/plugins/com.nxp.mcuxpresso.tools.macosx_11.0.1.201907311258/tools/bin/../lib/gcc/arm-none-eabi/8.2.1/../../../../arm-none-eabi/lib/thumb/v6-m/nofp/libcr_c.a(alloc.o)
 .ARM.attributes
                0x0000000000000473       0x2c /Applications/MCUXpressoIDE_11.0.1_2563/ide/plugins/com.nxp.mcuxpresso.tools.macosx_11.0.1.201907311258/tools/bin/../lib/gcc/arm-none-eabi/8.2.1/../../../../arm-none-eabi/lib/thumb/v6-m/nofp/libcr_c.a(fputs.o)
 .ARM.attributes
                0x000000000000049f       0x2c /Applications/MCUXpressoIDE_11.0.1_2563/ide/plugins/com.nxp.mcuxpresso.tools.macosx_11.0.1.201907311258/tools/bin/../lib/gcc/arm-none-eabi/8.2.1/../../../../arm-none-eabi/lib/thumb/v6-m/nofp/libcr_c.a(fseek.o)
 .ARM.attributes
                0x00000000000004cb       0x2c /Applications/MCUXpressoIDE_11.0.1_2563/ide/plugins/com.nxp.mcuxpresso.tools.macosx_11.0.1.201907311258/tools/bin/../lib/gcc/arm-none-eabi/8.2.1/../../../../arm-none-eabi/lib/thumb/v6-m/nofp/libcr_c.a(ftell.o)
 .ARM.attributes
                0x00000000000004f7       0x2c /Applications/MCUXpressoIDE_11.0.1_2563/ide/plugins/com.nxp.mcuxpresso.tools.macosx_11.0.1.201907311258/tools/bin/../lib/gcc/arm-none-eabi/8.2.1/../../../../arm-none-eabi/lib/thumb/v6-m/nofp/libcr_c.a(initio.o)
 .ARM.attributes
                0x0000000000000523       0x2c /Applications/MCUXpressoIDE_11.0.1_2563/ide/plugins/com.nxp.mcuxpresso.tools.macosx_11.0.1.201907311258/tools/bin/../lib/gcc/arm-none-eabi/8.2.1/../../../../arm-none-eabi/lib/thumb/v6-m/nofp/libcr_c.a(printf.o)
 .ARM.attributes
                0x000000000000054f       0x2c /Applications/MCUXpressoIDE_11.0.1_2563/ide/plugins/com.nxp.mcuxpresso.tools.macosx_11.0.1.201907311258/tools/bin/../lib/gcc/arm-none-eabi/8.2.1/../../../../arm-none-eabi/lib/thumb/v6-m/nofp/libcr_c.a(setvbuf.o)
 .ARM.attributes
                0x000000000000057b       0x2c /Applications/MCUXpressoIDE_11.0.1_2563/ide/plugins/com.nxp.mcuxpresso.tools.macosx_11.0.1.201907311258/tools/bin/../lib/gcc/arm-none-eabi/8.2.1/../../../../arm-none-eabi/lib/thumb/v6-m/nofp/libcr_c.a(strlen.o)
 .ARM.attributes
                0x00000000000005a7       0x2c /Applications/MCUXpressoIDE_11.0.1_2563/ide/plugins/com.nxp.mcuxpresso.tools.macosx_11.0.1.201907311258/tools/bin/../lib/gcc/arm-none-eabi/8.2.1/../../../../arm-none-eabi/lib/thumb/v6-m/nofp/libcr_c.a(__init_alloc.o)
 .ARM.attributes
                0x00000000000005d3       0x2c /Applications/MCUXpressoIDE_11.0.1_2563/ide/plugins/com.nxp.mcuxpresso.tools.macosx_11.0.1.201907311258/tools/bin/../lib/gcc/arm-none-eabi/8.2.1/../../../../arm-none-eabi/lib/thumb/v6-m/nofp/libcr_c.a(_cr_sbrk.o)
 .ARM.attributes
                0x00000000000005ff       0x2c /Applications/MCUXpressoIDE_11.0.1_2563/ide/plugins/com.nxp.mcuxpresso.tools.macosx_11.0.1.201907311258/tools/bin/../lib/gcc/arm-none-eabi/8.2.1/../../../../arm-none-eabi/lib/thumb/v6-m/nofp/libcr_c.a(_fdopen.o)
 .ARM.attributes
                0x000000000000062b       0x31 /Applications/MCUXpressoIDE_11.0.1_2563/ide/plugins/com.nxp.mcuxpresso.tools.macosx_11.0.1.201907311258/tools/bin/../lib/gcc/arm-none-eabi/8.2.1/../../../../arm-none-eabi/lib/thumb/v6-m/nofp/libcr_c.a(errno.o)
 .ARM.attributes
                0x000000000000065c       0x2c /Applications/MCUXpressoIDE_11.0.1_2563/ide/plugins/com.nxp.mcuxpresso.tools.macosx_11.0.1.201907311258/tools/bin/../lib/gcc/arm-none-eabi/8.2.1/../../../../arm-none-eabi/lib/thumb/v6-m/nofp/libcr_c.a(fclose.o)
 .ARM.attributes
                0x0000000000000688       0x2c /Applications/MCUXpressoIDE_11.0.1_2563/ide/plugins/com.nxp.mcuxpresso.tools.macosx_11.0.1.201907311258/tools/bin/../lib/gcc/arm-none-eabi/8.2.1/../../../../arm-none-eabi/lib/thumb/v6-m/nofp/libcr_c.a(fflush.o)
 .ARM.attributes
                0x00000000000006b4       0x2c /Applications/MCUXpressoIDE_11.0.1_2563/ide/plugins/com.nxp.mcuxpresso.tools.macosx_11.0.1.201907311258/tools/bin/../lib/gcc/arm-none-eabi/8.2.1/../../../../arm-none-eabi/lib/thumb/v6-m/nofp/libcr_c.a(remove.o)
 .ARM.attributes
                0x00000000000006e0       0x2c /Applications/MCUXpressoIDE_11.0.1_2563/ide/plugins/com.nxp.mcuxpresso.tools.macosx_11.0.1.201907311258/tools/bin/../lib/gcc/arm-none-eabi/8.2.1/../../../../arm-none-eabi/lib/thumb/v6-m/nofp/libcr_c.a(_cr_check_heap.o)
 .ARM.attributes
                0x000000000000070c       0x2c /Applications/MCUXpressoIDE_11.0.1_2563/ide/plugins/com.nxp.mcuxpresso.tools.macosx_11.0.1.201907311258/tools/bin/../lib/gcc/arm-none-eabi/8.2.1/../../../../arm-none-eabi/lib/thumb/v6-m/nofp/libcr_c.a(_do_fflush.o)
 .ARM.attributes
                0x0000000000000738       0x1c /Applications/MCUXpressoIDE_11.0.1_2563/ide/plugins/com.nxp.mcuxpresso.tools.macosx_11.0.1.201907311258/tools/bin/../lib/gcc/arm-none-eabi/8.2.1/thumb/v6-m/nofp/libcr_eabihelpers.a(division_32.o)
 .ARM.attributes
                0x0000000000000754       0x1c /Applications/MCUXpressoIDE_11.0.1_2563/ide/plugins/com.nxp.mcuxpresso.tools.macosx_11.0.1.201907311258/tools/bin/../lib/gcc/arm-none-eabi/8.2.1/thumb/v6-m/nofp/libcr_eabihelpers.a(division_idiv0.o)
 .ARM.attributes
                0x0000000000000770       0x1c /Applications/MCUXpressoIDE_11.0.1_2563/ide/plugins/com.nxp.mcuxpresso.tools.macosx_11.0.1.201907311258/tools/bin/../lib/gcc/arm-none-eabi/8.2.1/thumb/v6-m/nofp/libcr_eabihelpers.a(llong.o)
 .ARM.attributes
                0x000000000000078c       0x1c /Applications/MCUXpressoIDE_11.0.1_2563/ide/plugins/com.nxp.mcuxpresso.tools.macosx_11.0.1.201907311258/tools/bin/../lib/gcc/arm-none-eabi/8.2.1/thumb/v6-m/nofp/libcr_eabihelpers.a(memcpy.o)
 .ARM.attributes
                0x00000000000007a8       0x1c /Applications/MCUXpressoIDE_11.0.1_2563/ide/plugins/com.nxp.mcuxpresso.tools.macosx_11.0.1.201907311258/tools/bin/../lib/gcc/arm-none-eabi/8.2.1/../../../../arm-none-eabi/lib/thumb/v6-m/nofp/libcr_semihost_nf.a(__sys_close.o)
 .ARM.attributes
                0x00000000000007c4       0x1c /Applications/MCUXpressoIDE_11.0.1_2563/ide/plugins/com.nxp.mcuxpresso.tools.macosx_11.0.1.201907311258/tools/bin/../lib/gcc/arm-none-eabi/8.2.1/../../../../arm-none-eabi/lib/thumb/v6-m/nofp/libcr_semihost_nf.a(__sys_flen.o)
 .ARM.attributes
                0x00000000000007e0       0x1c /Applications/MCUXpressoIDE_11.0.1_2563/ide/plugins/com.nxp.mcuxpresso.tools.macosx_11.0.1.201907311258/tools/bin/../lib/gcc/arm-none-eabi/8.2.1/../../../../arm-none-eabi/lib/thumb/v6-m/nofp/libcr_semihost_nf.a(__sys_istty.o)
 .ARM.attributes
                0x00000000000007fc       0x1c /Applications/MCUXpressoIDE_11.0.1_2563/ide/plugins/com.nxp.mcuxpresso.tools.macosx_11.0.1.201907311258/tools/bin/../lib/gcc/arm-none-eabi/8.2.1/../../../../arm-none-eabi/lib/thumb/v6-m/nofp/libcr_semihost_nf.a(__sys_remove.o)
 .ARM.attributes
                0x0000000000000818       0x1c /Applications/MCUXpressoIDE_11.0.1_2563/ide/plugins/com.nxp.mcuxpresso.tools.macosx_11.0.1.201907311258/tools/bin/../lib/gcc/arm-none-eabi/8.2.1/../../../../arm-none-eabi/lib/thumb/v6-m/nofp/libcr_semihost_nf.a(__sys_seek.o)
 .ARM.attributes
                0x0000000000000834       0x1c /Applications/MCUXpressoIDE_11.0.1_2563/ide/plugins/com.nxp.mcuxpresso.tools.macosx_11.0.1.201907311258/tools/bin/../lib/gcc/arm-none-eabi/8.2.1/../../../../arm-none-eabi/lib/thumb/v6-m/nofp/libcr_semihost_nf.a(__sys_tmpnam.o)
 .ARM.attributes
                0x0000000000000850       0x1c /Applications/MCUXpressoIDE_11.0.1_2563/ide/plugins/com.nxp.mcuxpresso.tools.macosx_11.0.1.201907311258/tools/bin/../lib/gcc/arm-none-eabi/8.2.1/../../../../arm-none-eabi/lib/thumb/v6-m/nofp/libcr_semihost_nf.a(__sys_write.o)

.debug_frame    0x0000000000000000     0x1c00
 .debug_frame   0x0000000000000000      0x498 ./startup/startup_mkl25z4.o
 .debug_frame   0x0000000000000498      0x12c ./source/Project_5_UART.o
 .debug_frame   0x00000000000005c4      0x1ec ./source/circularBuffer.o
 .debug_frame   0x00000000000007b0       0x9c ./source/ledControl.o
 .debug_frame   0x000000000000084c      0x10c ./source/loggerFunctions.o
 .debug_frame   0x0000000000000958       0x20 ./source/semihost_hardfault.o
 .debug_frame   0x0000000000000978       0xf8 ./source/uartIncludes.o
 .debug_frame   0x0000000000000a70       0x30 ./source/unitTest.o
 .debug_frame   0x0000000000000aa0      0x6e0 ./drivers/fsl_clock.o
 .debug_frame   0x0000000000001180      0x418 ./drivers/fsl_lpsci.o
 .debug_frame   0x0000000000001598      0x468 ./drivers/fsl_uart.o
 .debug_frame   0x0000000000001a00      0x100 ./board/clock_config.o
 .debug_frame   0x0000000000001b00       0x2c ./board/peripherals.o
 .debug_frame   0x0000000000001b2c       0x88 ./board/pin_mux.o
 .debug_frame   0x0000000000001bb4       0x4c ./CMSIS/system_MKL25Z4.o

Cross Reference Table

Symbol                                            File
ADC0_DriverIRQHandler                             ./startup/startup_mkl25z4.o
ADC0_IRQHandler                                   ./startup/startup_mkl25z4.o
BOARD_BootClockRUN                                ./board/clock_config.o
BOARD_BootClockVLPR                               ./board/clock_config.o
BOARD_InitBootClocks                              ./board/clock_config.o
                                                  ./source/Project_5_UART.o
BOARD_InitBootPeripherals                         ./board/peripherals.o
                                                  ./source/Project_5_UART.o
BOARD_InitBootPins                                ./board/pin_mux.o
                                                  ./source/Project_5_UART.o
BOARD_InitDebugConsole                            ./board/board.o
BOARD_InitPins                                    ./board/pin_mux.o
CLOCK_BootToBlpeMode                              ./drivers/fsl_clock.o
CLOCK_BootToBlpiMode                              ./drivers/fsl_clock.o
                                                  ./board/clock_config.o
CLOCK_BootToFeeMode                               ./drivers/fsl_clock.o
CLOCK_BootToFeiMode                               ./drivers/fsl_clock.o
CLOCK_BootToPeeMode                               ./drivers/fsl_clock.o
                                                  ./board/clock_config.o
CLOCK_CalcPllDiv                                  ./drivers/fsl_clock.o
CLOCK_ClearStatusFlags                            ./drivers/fsl_clock.o
CLOCK_DeinitOsc0                                  ./drivers/fsl_clock.o
CLOCK_EnablePll0                                  ./drivers/fsl_clock.o
CLOCK_EnableUsbfs0Clock                           ./drivers/fsl_clock.o
CLOCK_ExternalModeToFbeModeQuick                  ./drivers/fsl_clock.o
CLOCK_FllStableDelay                              ./drivers/fsl_clock.o
CLOCK_GetBusClkFreq                               ./drivers/fsl_clock.o
CLOCK_GetCoreSysClkFreq                           ./drivers/fsl_clock.o
CLOCK_GetEr32kClkFreq                             ./drivers/fsl_clock.o
CLOCK_GetFixedFreqClkFreq                         ./drivers/fsl_clock.o
CLOCK_GetFlashClkFreq                             ./drivers/fsl_clock.o
CLOCK_GetFllFreq                                  ./drivers/fsl_clock.o
CLOCK_GetFreq                                     ./drivers/fsl_clock.o
CLOCK_GetInternalRefClkFreq                       ./drivers/fsl_clock.o
CLOCK_GetMode                                     ./drivers/fsl_clock.o
CLOCK_GetOsc0ErClkFreq                            ./drivers/fsl_clock.o
CLOCK_GetOutClkFreq                               ./drivers/fsl_clock.o
CLOCK_GetPlatClkFreq                              ./drivers/fsl_clock.o
CLOCK_GetPll0Freq                                 ./drivers/fsl_clock.o
CLOCK_GetPllFllSelClkFreq                         ./drivers/fsl_clock.o
                                                  ./board/board.o
CLOCK_GetStatusFlags                              ./drivers/fsl_clock.o
CLOCK_InitOsc0                                    ./drivers/fsl_clock.o
                                                  ./board/clock_config.o
CLOCK_InternalModeToFbiModeQuick                  ./drivers/fsl_clock.o
CLOCK_SetBlpeMode                                 ./drivers/fsl_clock.o
CLOCK_SetBlpiMode                                 ./drivers/fsl_clock.o
CLOCK_SetExternalRefClkConfig                     ./drivers/fsl_clock.o
CLOCK_SetFbeMode                                  ./drivers/fsl_clock.o
CLOCK_SetFbiMode                                  ./drivers/fsl_clock.o
CLOCK_SetFeeMode                                  ./drivers/fsl_clock.o
CLOCK_SetFeiMode                                  ./drivers/fsl_clock.o
CLOCK_SetInternalRefClkConfig                     ./drivers/fsl_clock.o
                                                  ./board/clock_config.o
CLOCK_SetMcgConfig                                ./drivers/fsl_clock.o
CLOCK_SetOsc0MonitorMode                          ./drivers/fsl_clock.o
CLOCK_SetPbeMode                                  ./drivers/fsl_clock.o
CLOCK_SetPeeMode                                  ./drivers/fsl_clock.o
CLOCK_SetPll0MonitorMode                          ./drivers/fsl_clock.o
CLOCK_SetSimConfig                                ./drivers/fsl_clock.o
                                                  ./board/clock_config.o
CLOCK_TrimInternalRefClk                          ./drivers/fsl_clock.o
CMP0_DriverIRQHandler                             ./startup/startup_mkl25z4.o
CMP0_IRQHandler                                   ./startup/startup_mkl25z4.o
DAC0_DriverIRQHandler                             ./startup/startup_mkl25z4.o
DAC0_IRQHandler                                   ./startup/startup_mkl25z4.o
DMA0_DriverIRQHandler                             ./startup/startup_mkl25z4.o
DMA0_IRQHandler                                   ./startup/startup_mkl25z4.o
DMA1_DriverIRQHandler                             ./startup/startup_mkl25z4.o
DMA1_IRQHandler                                   ./startup/startup_mkl25z4.o
DMA2_DriverIRQHandler                             ./startup/startup_mkl25z4.o
DMA2_IRQHandler                                   ./startup/startup_mkl25z4.o
DMA3_DriverIRQHandler                             ./startup/startup_mkl25z4.o
DMA3_IRQHandler                                   ./startup/startup_mkl25z4.o
DbgConsole_Deinit                                 ./utilities/fsl_debug_console.o
DbgConsole_Init                                   ./utilities/fsl_debug_console.o
                                                  ./board/board.o
FLASH_Erase                                       ./drivers/fsl_flash.o
FLASH_EraseAll                                    ./drivers/fsl_flash.o
FLASH_EraseAllExecuteOnlySegments                 ./drivers/fsl_flash.o
FLASH_GetProperty                                 ./drivers/fsl_flash.o
FLASH_GetSecurityState                            ./drivers/fsl_flash.o
FLASH_Init                                        ./drivers/fsl_flash.o
FLASH_IsExecuteOnly                               ./drivers/fsl_flash.o
FLASH_IsProtected                                 ./drivers/fsl_flash.o
FLASH_PflashGetPrefetchSpeculation                ./drivers/fsl_flash.o
FLASH_PflashGetProtection                         ./drivers/fsl_flash.o
FLASH_PflashSetPrefetchSpeculation                ./drivers/fsl_flash.o
                                                  ./drivers/fsl_smc.o
FLASH_PflashSetProtection                         ./drivers/fsl_flash.o
FLASH_PrepareExecuteInRamFunctions                ./drivers/fsl_flash.o
FLASH_Program                                     ./drivers/fsl_flash.o
FLASH_ProgramOnce                                 ./drivers/fsl_flash.o
FLASH_ReadOnce                                    ./drivers/fsl_flash.o
FLASH_ReadResource                                ./drivers/fsl_flash.o
FLASH_SecurityBypass                              ./drivers/fsl_flash.o
FLASH_SetCallback                                 ./drivers/fsl_flash.o
FLASH_SetProperty                                 ./drivers/fsl_flash.o
FLASH_VerifyErase                                 ./drivers/fsl_flash.o
FLASH_VerifyEraseAll                              ./drivers/fsl_flash.o
FLASH_VerifyEraseAllExecuteOnlySegments           ./drivers/fsl_flash.o
FLASH_VerifyProgram                               ./drivers/fsl_flash.o
FTFA_DriverIRQHandler                             ./startup/startup_mkl25z4.o
FTFA_IRQHandler                                   ./startup/startup_mkl25z4.o
Flash_Config                                      ./startup/startup_mkl25z4.o
GPIO_ClearPinsInterruptFlags                      ./drivers/fsl_gpio.o
GPIO_GetPinsInterruptFlags                        ./drivers/fsl_gpio.o
GPIO_PinInit                                      ./drivers/fsl_gpio.o
HardFault_Handler                                 ./source/semihost_hardfault.o
                                                  ./startup/startup_mkl25z4.o
I2C0_DriverIRQHandler                             ./startup/startup_mkl25z4.o
I2C0_IRQHandler                                   ./startup/startup_mkl25z4.o
I2C1_DriverIRQHandler                             ./startup/startup_mkl25z4.o
I2C1_IRQHandler                                   ./startup/startup_mkl25z4.o
Init_RGB_LEDs                                     ./source/ledControl.o
                                                  ./source/Project_5_UART.o
Init_SysTick                                      ./source/circularBuffer.o
                                                  ./source/Project_5_UART.o
InstallIRQHandler                                 ./drivers/fsl_common.o
IntDefaultHandler                                 ./startup/startup_mkl25z4.o
LLWU_DriverIRQHandler                             ./startup/startup_mkl25z4.o
LLWU_IRQHandler                                   ./startup/startup_mkl25z4.o
LPSCI_ClearStatusFlags                            ./drivers/fsl_lpsci.o
LPSCI_Deinit                                      ./drivers/fsl_lpsci.o
                                                  ./utilities/fsl_debug_console.o
LPSCI_DisableInterrupts                           ./drivers/fsl_lpsci.o
LPSCI_EnableInterrupts                            ./drivers/fsl_lpsci.o
LPSCI_GetDefaultConfig                            ./drivers/fsl_lpsci.o
                                                  ./utilities/fsl_debug_console.o
LPSCI_GetEnabledInterrupts                        ./drivers/fsl_lpsci.o
LPSCI_GetInstance                                 ./drivers/fsl_lpsci.o
LPSCI_GetStatusFlags                              ./drivers/fsl_lpsci.o
LPSCI_Init                                        ./drivers/fsl_lpsci.o
                                                  ./utilities/fsl_debug_console.o
LPSCI_ReadBlocking                                ./drivers/fsl_lpsci.o
                                                  ./utilities/fsl_debug_console.o
LPSCI_SetBaudRate                                 ./drivers/fsl_lpsci.o
LPSCI_TransferAbortReceive                        ./drivers/fsl_lpsci.o
LPSCI_TransferAbortSend                           ./drivers/fsl_lpsci.o
LPSCI_TransferCreateHandle                        ./drivers/fsl_lpsci.o
LPSCI_TransferGetReceiveCount                     ./drivers/fsl_lpsci.o
LPSCI_TransferGetSendCount                        ./drivers/fsl_lpsci.o
LPSCI_TransferHandleErrorIRQ                      ./drivers/fsl_lpsci.o
LPSCI_TransferHandleIRQ                           ./drivers/fsl_lpsci.o
LPSCI_TransferReceiveNonBlocking                  ./drivers/fsl_lpsci.o
LPSCI_TransferSendNonBlocking                     ./drivers/fsl_lpsci.o
LPSCI_TransferStartRingBuffer                     ./drivers/fsl_lpsci.o
LPSCI_TransferStopRingBuffer                      ./drivers/fsl_lpsci.o
LPSCI_WriteBlocking                               ./drivers/fsl_lpsci.o
                                                  ./utilities/fsl_debug_console.o
LPTMR0_DriverIRQHandler                           ./startup/startup_mkl25z4.o
LPTMR0_IRQHandler                                 ./startup/startup_mkl25z4.o
LVD_LVW_DriverIRQHandler                          ./startup/startup_mkl25z4.o
LVD_LVW_IRQHandler                                ./startup/startup_mkl25z4.o
MCG_DriverIRQHandler                              ./startup/startup_mkl25z4.o
MCG_IRQHandler                                    ./startup/startup_mkl25z4.o
NMI_Handler                                       ./startup/startup_mkl25z4.o
PIT_DriverIRQHandler                              ./startup/startup_mkl25z4.o
PIT_IRQHandler                                    ./startup/startup_mkl25z4.o
PORTA_DriverIRQHandler                            ./startup/startup_mkl25z4.o
PORTA_IRQHandler                                  ./startup/startup_mkl25z4.o
PORTD_DriverIRQHandler                            ./startup/startup_mkl25z4.o
PORTD_IRQHandler                                  ./startup/startup_mkl25z4.o
PendSV_Handler                                    ./startup/startup_mkl25z4.o
RTC_DriverIRQHandler                              ./startup/startup_mkl25z4.o
RTC_IRQHandler                                    ./startup/startup_mkl25z4.o
RTC_Seconds_DriverIRQHandler                      ./startup/startup_mkl25z4.o
RTC_Seconds_IRQHandler                            ./startup/startup_mkl25z4.o
Reserved20_DriverIRQHandler                       ./startup/startup_mkl25z4.o
Reserved20_IRQHandler                             ./startup/startup_mkl25z4.o
Reserved39_DriverIRQHandler                       ./startup/startup_mkl25z4.o
Reserved39_IRQHandler                             ./startup/startup_mkl25z4.o
Reserved45_DriverIRQHandler                       ./startup/startup_mkl25z4.o
Reserved45_IRQHandler                             ./startup/startup_mkl25z4.o
ResetISR                                          ./startup/startup_mkl25z4.o
SMC_PostExitStopModes                             ./drivers/fsl_smc.o
SMC_PreEnterStopModes                             ./drivers/fsl_smc.o
SMC_SetPowerModeLls                               ./drivers/fsl_smc.o
SMC_SetPowerModeRun                               ./drivers/fsl_smc.o
SMC_SetPowerModeStop                              ./drivers/fsl_smc.o
SMC_SetPowerModeVlls                              ./drivers/fsl_smc.o
SMC_SetPowerModeVlpr                              ./drivers/fsl_smc.o
                                                  ./board/clock_config.o
SMC_SetPowerModeVlps                              ./drivers/fsl_smc.o
SMC_SetPowerModeVlpw                              ./drivers/fsl_smc.o
SMC_SetPowerModeWait                              ./drivers/fsl_smc.o
SPI0_DriverIRQHandler                             ./startup/startup_mkl25z4.o
SPI0_IRQHandler                                   ./startup/startup_mkl25z4.o
SPI1_DriverIRQHandler                             ./startup/startup_mkl25z4.o
SPI1_IRQHandler                                   ./startup/startup_mkl25z4.o
SVC_Handler                                       ./startup/startup_mkl25z4.o
SysTick_Handler                                   ./source/circularBuffer.o
                                                  ./startup/startup_mkl25z4.o
SystemCoreClock                                   ./CMSIS/system_MKL25Z4.o
                                                  ./board/clock_config.o
SystemCoreClockUpdate                             ./CMSIS/system_MKL25Z4.o
SystemInit                                        ./CMSIS/system_MKL25Z4.o
                                                  ./startup/startup_mkl25z4.o
System_Init                                       ./source/System.o
                                                  ./source/unitTest.o
System_Recover                                    ./source/System.o
System_Safestate                                  ./source/System.o
                                                  ./source/unitTest.o
System_Shutdown                                   ./source/System.o
                                                  ./source/unitTest.o
System_WriteInt                                   ./source/System.o
                                                  ./source/unitTest.o
System_WriteString                                ./source/System.o
                                                  ./source/unitTest.o
System_exit                                       ./source/System.o
TPM0_DriverIRQHandler                             ./startup/startup_mkl25z4.o
TPM0_IRQHandler                                   ./startup/startup_mkl25z4.o
TPM1_DriverIRQHandler                             ./startup/startup_mkl25z4.o
TPM1_IRQHandler                                   ./startup/startup_mkl25z4.o
TPM2_DriverIRQHandler                             ./startup/startup_mkl25z4.o
TPM2_IRQHandler                                   ./startup/startup_mkl25z4.o
TSI0_DriverIRQHandler                             ./startup/startup_mkl25z4.o
TSI0_IRQHandler                                   ./startup/startup_mkl25z4.o
UART0_DriverIRQHandler                            ./drivers/fsl_lpsci.o
                                                  ./startup/startup_mkl25z4.o
UART0_IRQHandler                                  ./source/Project_5_UART.o
                                                  ./startup/startup_mkl25z4.o
UART0_Receive_Poll                                ./source/uartIncludes.o
                                                  ./source/Project_5_UART.o
UART0_Transmit_Poll                               ./source/uartIncludes.o
UART1_DriverIRQHandler                            ./drivers/fsl_uart.o
                                                  ./startup/startup_mkl25z4.o
UART1_IRQHandler                                  ./startup/startup_mkl25z4.o
UART1_RX_TX_DriverIRQHandler                      ./drivers/fsl_uart.o
UART2_DriverIRQHandler                            ./drivers/fsl_uart.o
                                                  ./startup/startup_mkl25z4.o
UART2_IRQHandler                                  ./startup/startup_mkl25z4.o
UART2_RX_TX_DriverIRQHandler                      ./drivers/fsl_uart.o
UART_ClearStatusFlags                             ./drivers/fsl_uart.o
UART_Deinit                                       ./drivers/fsl_uart.o
                                                  ./utilities/fsl_debug_console.o
UART_DisableInterrupts                            ./drivers/fsl_uart.o
UART_EnableInterrupts                             ./drivers/fsl_uart.o
UART_GetDefaultConfig                             ./drivers/fsl_uart.o
                                                  ./utilities/fsl_debug_console.o
UART_GetEnabledInterrupts                         ./drivers/fsl_uart.o
UART_GetInstance                                  ./drivers/fsl_uart.o
UART_GetStatusFlags                               ./drivers/fsl_uart.o
UART_Init                                         ./drivers/fsl_uart.o
                                                  ./utilities/fsl_debug_console.o
UART_ReadBlocking                                 ./drivers/fsl_uart.o
                                                  ./utilities/fsl_debug_console.o
UART_SetBaudRate                                  ./drivers/fsl_uart.o
UART_TransferAbortReceive                         ./drivers/fsl_uart.o
UART_TransferAbortSend                            ./drivers/fsl_uart.o
UART_TransferCreateHandle                         ./drivers/fsl_uart.o
UART_TransferGetReceiveCount                      ./drivers/fsl_uart.o
UART_TransferGetSendCount                         ./drivers/fsl_uart.o
UART_TransferHandleErrorIRQ                       ./drivers/fsl_uart.o
UART_TransferHandleIRQ                            ./drivers/fsl_uart.o
UART_TransferReceiveNonBlocking                   ./drivers/fsl_uart.o
UART_TransferSendNonBlocking                      ./drivers/fsl_uart.o
UART_TransferStartRingBuffer                      ./drivers/fsl_uart.o
UART_TransferStopRingBuffer                       ./drivers/fsl_uart.o
UART_WriteBlocking                                ./drivers/fsl_uart.o
                                                  ./utilities/fsl_debug_console.o
USB0_DriverIRQHandler                             ./startup/startup_mkl25z4.o
USB0_IRQHandler                                   ./startup/startup_mkl25z4.o
_Csys_alloc                                       /Applications/MCUXpressoIDE_11.0.1_2563/ide/plugins/com.nxp.mcuxpresso.tools.macosx_11.0.1.201907311258/tools/bin/../lib/gcc/arm-none-eabi/8.2.1/../../../../arm-none-eabi/lib/thumb/v6-m/nofp/libcr_c.a(alloc.o)
                                                  /Applications/MCUXpressoIDE_11.0.1_2563/ide/plugins/com.nxp.mcuxpresso.tools.macosx_11.0.1.201907311258/tools/bin/../lib/gcc/arm-none-eabi/8.2.1/../../../../arm-none-eabi/lib/thumb/v6-m/nofp/libcr_c.a(_deferredlazyseek.o)
_Cwritebuf                                        /Applications/MCUXpressoIDE_11.0.1_2563/ide/plugins/com.nxp.mcuxpresso.tools.macosx_11.0.1.201907311258/tools/bin/../lib/gcc/arm-none-eabi/8.2.1/../../../../arm-none-eabi/lib/thumb/v6-m/nofp/libcr_c.a(_writebuf.o)
                                                  /Applications/MCUXpressoIDE_11.0.1_2563/ide/plugins/com.nxp.mcuxpresso.tools.macosx_11.0.1.201907311258/tools/bin/../lib/gcc/arm-none-eabi/8.2.1/../../../../arm-none-eabi/lib/thumb/v6-m/nofp/libcr_c.a(_fflush.o)
                                                  /Applications/MCUXpressoIDE_11.0.1_2563/ide/plugins/com.nxp.mcuxpresso.tools.macosx_11.0.1.201907311258/tools/bin/../lib/gcc/arm-none-eabi/8.2.1/../../../../arm-none-eabi/lib/thumb/v6-m/nofp/libcr_c.a(_deferredlazyseek.o)
__CR_SEMIHOST                                     /Applications/MCUXpressoIDE_11.0.1_2563/ide/plugins/com.nxp.mcuxpresso.tools.macosx_11.0.1.201907311258/tools/bin/../lib/gcc/arm-none-eabi/8.2.1/../../../../arm-none-eabi/lib/thumb/v6-m/nofp/libcr_semihost_nf.a(_cr__main.o)
__Ciob                                            /Applications/MCUXpressoIDE_11.0.1_2563/ide/plugins/com.nxp.mcuxpresso.tools.macosx_11.0.1.201907311258/tools/bin/../lib/gcc/arm-none-eabi/8.2.1/../../../../arm-none-eabi/lib/thumb/v6-m/nofp/libcr_semihost_nf.a(__ciob.o)