circularBuffer.c:19:19:adjustElements	16	static
circularBuffer.c:65:6:zeroFullBuffer	8	static
circularBuffer.c:76:19:checkFull	8	static
circularBuffer.c:94:19:checkEmpty	0	static
circularBuffer.c:110:19:addElement	16	static
circularBuffer.c:150:19:emptyBuffer	8	static
circularBuffer.c:130:9:delElement	16	static
circularBuffer.c:46:19:delAllElements	8	static
circularBuffer.c:167:19:destroyBuffer	8	static
circularBuffer.c:193:19:verifyBuffer	0	static
circularBuffer.c:208:19:verifyBufPointer	0	static
circularBuffer.c:222:19:initBuffer	24	static
