core_cm0plus.h:804:22:NVIC_SetPriority	24	static
circularBuffer.c:19:19:adjustElements	24	static
circularBuffer.c:51:19:delAllElements	32	static
circularBuffer.c:70:6:zeroFullBuffer	24	static
circularBuffer.c:81:19:checkFull	16	static
circularBuffer.c:99:19:checkEmpty	16	static
circularBuffer.c:133:19:addElement	16	static
circularBuffer.c:151:9:delElement	32	static
circularBuffer.c:174:19:emptyBuffer	16	static
circularBuffer.c:191:19:destroyBuffer	16	static
circularBuffer.c:217:19:verifyBuffer	16	static
circularBuffer.c:232:19:verifyBufPointer	16	static
circularBuffer.c:246:19:initBuffer	16	static
circularBuffer.c:277:6:Init_SysTick	8	static
circularBuffer.c:291:6:SysTick_Handler	8	static
